[2023-10-11 18:17:04,825: INFO: main: We are printing the logs here!!!]
[2023-10-11 18:17:04,825: INFO: main: -----------stage Data Ingestion started------------]
[2023-10-11 18:17:04,826: INFO: common: yaml file: config\config.yaml loaded successfully]
[2023-10-11 18:17:04,827: INFO: common: yaml file: params.yaml loaded successfully]
[2023-10-11 18:17:04,827: INFO: common: yaml file: schema.yaml loaded successfully]
[2023-10-11 18:17:04,827: INFO: common: created directory at: artifacts]
[2023-10-11 18:17:04,828: INFO: common: created directory at: artifacts/data_ingestion]
[2023-10-11 18:17:04,828: INFO: common: calling DB configuration]
[2023-10-11 18:17:04,828: INFO: common: Reading data from Mongo DB]
[2023-10-11 18:17:20,078: INFO: data_ingestion: Reading Completed from MongoDB]
[2023-10-11 18:17:20,078: INFO: data_ingestion: Writing data in Parquet file]
[2023-10-11 18:17:20,356: INFO: main: ----------------Data Ingestion completed---------------------]
[2023-10-11 18:17:31,199: INFO: main: We are printing the logs here!!!]
[2023-10-11 18:17:31,199: INFO: main: -----------stage Data Ingestion started------------]
[2023-10-11 18:17:31,200: INFO: common: yaml file: config\config.yaml loaded successfully]
[2023-10-11 18:17:31,201: INFO: common: yaml file: params.yaml loaded successfully]
[2023-10-11 18:17:31,201: INFO: common: yaml file: schema.yaml loaded successfully]
[2023-10-11 18:17:31,202: INFO: common: created directory at: artifacts]
[2023-10-11 18:17:31,202: INFO: common: created directory at: artifacts/data_ingestion]
[2023-10-11 18:17:31,204: INFO: common: calling DB configuration]
[2023-10-11 18:17:31,204: INFO: common: Reading data from Mongo DB]
[2023-10-11 18:17:43,627: INFO: data_ingestion: Reading Completed from MongoDB]
[2023-10-11 18:17:43,627: INFO: data_ingestion: Writing data in Parquet file]
[2023-10-11 18:17:44,290: INFO: main: ----------------Data Ingestion completed---------------------]
[2023-10-12 14:37:17,065: INFO: main: We are printing the logs here!!!]
[2023-10-12 14:37:17,065: INFO: main: -----------Stage Data Ingestion Started------------]
[2023-10-12 14:37:17,067: INFO: common: yaml file: config\config.yaml loaded successfully]
[2023-10-12 14:37:17,073: INFO: common: yaml file: params.yaml loaded successfully]
[2023-10-12 14:37:17,078: INFO: common: yaml file: schema.yaml loaded successfully]
[2023-10-12 14:37:17,079: INFO: common: created directory at: artifacts]
[2023-10-12 14:37:17,079: INFO: common: created directory at: artifacts/data_ingestion]
[2023-10-12 14:37:17,090: INFO: common: calling DB configuration]
[2023-10-12 14:37:17,090: INFO: common: Reading data from Mongo DB]
[2023-10-12 14:37:32,479: INFO: data_ingestion: Reading Completed from MongoDB]
[2023-10-12 14:37:32,479: INFO: data_ingestion: Writing data in Parquet file]
[2023-10-12 14:37:33,470: INFO: main: ------------Stage Data Ingestion Completed---------------------]
[2023-10-12 14:37:33,470: INFO: main: >>>>>>>>>>>>>>>>Stage Data Validation Started <<<<<<<<<<<<<<]
[2023-10-12 14:37:33,471: INFO: common: yaml file: config\config.yaml loaded successfully]
[2023-10-12 14:37:33,472: INFO: common: yaml file: params.yaml loaded successfully]
[2023-10-12 14:37:33,472: INFO: common: yaml file: schema.yaml loaded successfully]
[2023-10-12 14:37:33,473: INFO: common: created directory at: artifacts]
[2023-10-12 14:37:33,473: INFO: common: created directory at: artifact/data_validation]
[2023-10-12 14:37:33,475: INFO: main: >>>>>>>>>>>>>>>>>Stage Data Validation Completed<<<<<<<<<<<]
[2023-10-12 14:38:28,985: INFO: main: We are printing the logs here!!!]
[2023-10-12 14:38:28,986: INFO: main: -----------Stage Data Ingestion Started------------]
[2023-10-12 14:38:28,987: INFO: common: yaml file: config\config.yaml loaded successfully]
[2023-10-12 14:38:28,988: INFO: common: yaml file: params.yaml loaded successfully]
[2023-10-12 14:38:28,988: INFO: common: yaml file: schema.yaml loaded successfully]
[2023-10-12 14:38:28,989: INFO: common: created directory at: artifacts]
[2023-10-12 14:38:28,990: INFO: common: created directory at: artifacts/data_ingestion]
[2023-10-12 14:38:28,991: INFO: common: calling DB configuration]
[2023-10-12 14:38:28,991: INFO: common: Reading data from Mongo DB]
[2023-10-12 14:38:41,276: INFO: data_ingestion: Reading Completed from MongoDB]
[2023-10-12 14:38:41,276: INFO: data_ingestion: Writing data in Parquet file]
[2023-10-12 14:38:41,820: INFO: main: ------------Stage Data Ingestion Completed---------------------]
[2023-10-12 14:38:41,820: INFO: main: >>>>>>>>>>>>>>>>Stage Data Validation Started <<<<<<<<<<<<<<]
[2023-10-12 14:38:41,822: INFO: common: yaml file: config\config.yaml loaded successfully]
[2023-10-12 14:38:41,822: INFO: common: yaml file: params.yaml loaded successfully]
[2023-10-12 14:38:41,823: INFO: common: yaml file: schema.yaml loaded successfully]
[2023-10-12 14:38:41,823: INFO: common: created directory at: artifacts]
[2023-10-12 14:38:41,823: INFO: common: created directory at: artifacts/data_validation]
[2023-10-12 14:38:41,823: INFO: main: >>>>>>>>>>>>>>>>>Stage Data Validation Completed<<<<<<<<<<<]
[2023-10-12 15:09:53,699: INFO: main: We are printing the logs here!!!]
[2023-10-12 15:09:53,700: INFO: main: -----------Stage Data Ingestion Started------------]
[2023-10-12 15:09:53,702: INFO: common: yaml file: config\config.yaml loaded successfully]
[2023-10-12 15:09:53,703: INFO: common: yaml file: params.yaml loaded successfully]
[2023-10-12 15:09:53,704: INFO: common: yaml file: schema.yaml loaded successfully]
[2023-10-12 15:09:53,704: INFO: common: created directory at: artifacts]
[2023-10-12 15:09:53,704: INFO: common: created directory at: artifacts/data_ingestion]
[2023-10-12 15:09:53,705: INFO: common: calling DB configuration]
[2023-10-12 15:09:53,705: INFO: common: Reading data from Mongo DB]
[2023-10-12 15:10:06,101: INFO: data_ingestion: Reading Completed from MongoDB]
[2023-10-12 15:10:06,102: INFO: data_ingestion: Writing data in Parquet file]
[2023-10-12 15:10:06,650: INFO: main: ------------Stage Data Ingestion Completed---------------------]
[2023-10-12 15:10:06,650: INFO: main: >>>>>>>>>>>>>>>>Stage Data Validation Started <<<<<<<<<<<<<<]
[2023-10-12 15:10:06,652: INFO: common: yaml file: config\config.yaml loaded successfully]
[2023-10-12 15:10:06,653: INFO: common: yaml file: params.yaml loaded successfully]
[2023-10-12 15:10:06,653: INFO: common: yaml file: schema.yaml loaded successfully]
[2023-10-12 15:10:06,653: INFO: common: created directory at: artifacts]
[2023-10-12 15:10:06,654: INFO: common: created directory at: artifacts/data_validation]
[2023-10-12 15:10:06,826: INFO: main: >>>>>>>>>>>>>>>>>Stage Data Validation Completed<<<<<<<<<<<]
[2023-10-12 15:12:11,222: INFO: main: We are printing the logs here!!!]
[2023-10-12 15:12:11,222: INFO: main: -----------Stage Data Ingestion Started------------]
[2023-10-12 15:12:11,223: INFO: common: yaml file: config\config.yaml loaded successfully]
[2023-10-12 15:12:11,225: INFO: common: yaml file: params.yaml loaded successfully]
[2023-10-12 15:12:11,225: INFO: common: yaml file: schema.yaml loaded successfully]
[2023-10-12 15:12:11,226: INFO: common: created directory at: artifacts]
[2023-10-12 15:12:11,226: INFO: common: created directory at: artifacts/data_ingestion]
[2023-10-12 15:12:11,226: INFO: common: calling DB configuration]
[2023-10-12 15:12:11,226: INFO: common: Reading data from Mongo DB]
[2023-10-12 15:12:23,168: INFO: data_ingestion: Reading Completed from MongoDB]
[2023-10-12 15:12:23,168: INFO: data_ingestion: Writing data in Parquet file]
[2023-10-12 15:12:23,686: INFO: main: ------------Stage Data Ingestion Completed---------------------]
[2023-10-12 15:12:23,686: INFO: main: >>>>>>>>>>>>>>>>Stage Data Validation Started <<<<<<<<<<<<<<]
[2023-10-12 15:12:23,688: INFO: common: yaml file: config\config.yaml loaded successfully]
[2023-10-12 15:12:23,688: INFO: common: yaml file: params.yaml loaded successfully]
[2023-10-12 15:12:23,689: INFO: common: yaml file: schema.yaml loaded successfully]
[2023-10-12 15:12:23,689: INFO: common: created directory at: artifacts]
[2023-10-12 15:12:23,689: INFO: common: created directory at: artifacts/data_validation]
[2023-10-12 15:12:23,702: INFO: main: >>>>>>>>>>>>>>>>>Stage Data Validation Completed<<<<<<<<<<<]
[2023-10-12 15:14:10,141: INFO: main: We are printing the logs here!!!]
[2023-10-12 15:14:10,141: INFO: main: -----------Stage Data Ingestion Started------------]
[2023-10-12 15:14:10,142: INFO: common: yaml file: config\config.yaml loaded successfully]
[2023-10-12 15:14:10,143: INFO: common: yaml file: params.yaml loaded successfully]
[2023-10-12 15:14:10,143: INFO: common: yaml file: schema.yaml loaded successfully]
[2023-10-12 15:14:10,144: INFO: common: created directory at: artifacts]
[2023-10-12 15:14:10,144: INFO: common: created directory at: artifacts/data_ingestion]
[2023-10-12 15:14:10,144: INFO: common: calling DB configuration]
[2023-10-12 15:14:10,145: INFO: common: Reading data from Mongo DB]
[2023-10-12 15:14:22,035: INFO: data_ingestion: Reading Completed from MongoDB]
[2023-10-12 15:14:22,035: INFO: data_ingestion: Writing data in Parquet file]
[2023-10-12 15:14:22,548: INFO: main: ------------Stage Data Ingestion Completed---------------------]
[2023-10-12 15:14:22,548: INFO: main: >>>>>>>>>>>>>>>>Stage Data Validation Started <<<<<<<<<<<<<<]
[2023-10-12 15:14:22,550: INFO: common: yaml file: config\config.yaml loaded successfully]
[2023-10-12 15:14:22,551: INFO: common: yaml file: params.yaml loaded successfully]
[2023-10-12 15:14:22,552: INFO: common: yaml file: schema.yaml loaded successfully]
[2023-10-12 15:14:22,552: INFO: common: created directory at: artifacts]
[2023-10-12 15:14:22,552: INFO: common: created directory at: artifacts/data_validation]
[2023-10-12 15:14:22,892: INFO: main: >>>>>>>>>>>>>>>>>Stage Data Validation Completed<<<<<<<<<<<]
[2023-10-12 15:15:12,195: INFO: main: We are printing the logs here!!!]
[2023-10-12 15:15:12,196: INFO: main: -----------Stage Data Ingestion Started------------]
[2023-10-12 15:15:12,199: INFO: common: yaml file: config\config.yaml loaded successfully]
[2023-10-12 15:15:12,199: INFO: common: yaml file: params.yaml loaded successfully]
[2023-10-12 15:15:12,200: INFO: common: yaml file: schema.yaml loaded successfully]
[2023-10-12 15:15:12,201: INFO: common: created directory at: artifacts]
[2023-10-12 15:15:12,201: INFO: common: created directory at: artifacts/data_ingestion]
[2023-10-12 15:15:12,202: INFO: common: calling DB configuration]
[2023-10-12 15:15:12,203: INFO: common: Reading data from Mongo DB]
[2023-10-12 15:15:23,866: INFO: data_ingestion: Reading Completed from MongoDB]
[2023-10-12 15:15:23,867: INFO: data_ingestion: Writing data in Parquet file]
[2023-10-12 15:15:24,382: INFO: main: ------------Stage Data Ingestion Completed---------------------]
[2023-10-12 15:15:24,382: INFO: main: >>>>>>>>>>>>>>>>Stage Data Validation Started <<<<<<<<<<<<<<]
[2023-10-12 15:15:24,383: INFO: common: yaml file: config\config.yaml loaded successfully]
[2023-10-12 15:15:24,384: INFO: common: yaml file: params.yaml loaded successfully]
[2023-10-12 15:15:24,384: INFO: common: yaml file: schema.yaml loaded successfully]
[2023-10-12 15:15:24,384: INFO: common: created directory at: artifacts]
[2023-10-12 15:15:24,385: INFO: common: created directory at: artifacts/data_validation]
[2023-10-12 15:15:24,520: INFO: main: >>>>>>>>>>>>>>>>>Stage Data Validation Completed<<<<<<<<<<<]
[2023-10-12 15:27:52,056: INFO: main: We are printing the logs here!!!]
[2023-10-12 15:27:52,057: INFO: main: -----------Stage Data Ingestion Started------------]
[2023-10-12 15:27:52,059: INFO: common: yaml file: config\config.yaml loaded successfully]
[2023-10-12 15:27:52,060: INFO: common: yaml file: params.yaml loaded successfully]
[2023-10-12 15:27:52,060: INFO: common: yaml file: schema.yaml loaded successfully]
[2023-10-12 15:27:52,061: INFO: common: created directory at: artifacts]
[2023-10-12 15:27:52,061: INFO: common: created directory at: artifacts/data_ingestion]
[2023-10-12 15:27:52,062: INFO: common: calling DB configuration]
[2023-10-12 15:27:52,062: INFO: common: Reading data from Mongo DB]
[2023-10-12 15:28:09,087: INFO: data_ingestion: Reading Completed from MongoDB]
[2023-10-12 15:28:09,087: INFO: data_ingestion: Writing data in Parquet file]
[2023-10-12 15:28:10,180: INFO: main: ------------Stage Data Ingestion Completed---------------------]
[2023-10-12 15:28:10,180: INFO: main: >>>>>>>>>>>>>>>>Stage Data Validation Started <<<<<<<<<<<<<<]
[2023-10-12 15:28:10,184: INFO: common: yaml file: config\config.yaml loaded successfully]
[2023-10-12 15:28:10,186: INFO: common: yaml file: params.yaml loaded successfully]
[2023-10-12 15:28:10,188: INFO: common: yaml file: schema.yaml loaded successfully]
[2023-10-12 15:28:10,189: INFO: common: created directory at: artifacts]
[2023-10-12 15:28:10,189: INFO: common: created directory at: artifacts/data_validation]
[2023-10-12 15:28:10,499: INFO: main: >>>>>>>>>>>>>>>>>Stage Data Validation Completed<<<<<<<<<<<]
[2023-10-12 15:29:31,093: INFO: main: We are printing the logs here!!!]
[2023-10-12 15:29:31,093: INFO: main: -----------Stage Data Ingestion Started------------]
[2023-10-12 15:29:31,096: INFO: common: yaml file: config\config.yaml loaded successfully]
[2023-10-12 15:29:31,097: INFO: common: yaml file: params.yaml loaded successfully]
[2023-10-12 15:29:31,098: INFO: common: yaml file: schema.yaml loaded successfully]
[2023-10-12 15:29:31,099: INFO: common: created directory at: artifacts]
[2023-10-12 15:29:31,099: INFO: common: created directory at: artifacts/data_ingestion]
[2023-10-12 15:29:31,100: INFO: common: calling DB configuration]
[2023-10-12 15:29:31,100: INFO: common: Reading data from Mongo DB]
[2023-10-12 15:29:43,185: INFO: data_ingestion: Reading Completed from MongoDB]
[2023-10-12 15:29:43,185: INFO: data_ingestion: Writing data in Parquet file]
[2023-10-12 15:29:43,706: INFO: main: ------------Stage Data Ingestion Completed---------------------]
[2023-10-12 15:29:43,707: INFO: main: >>>>>>>>>>>>>>>>Stage Data Validation Started <<<<<<<<<<<<<<]
[2023-10-12 15:29:43,708: INFO: common: yaml file: config\config.yaml loaded successfully]
[2023-10-12 15:29:43,709: INFO: common: yaml file: params.yaml loaded successfully]
[2023-10-12 15:29:43,709: INFO: common: yaml file: schema.yaml loaded successfully]
[2023-10-12 15:29:43,709: INFO: common: created directory at: artifacts]
[2023-10-12 15:29:43,709: INFO: common: created directory at: artifacts/data_validation]
[2023-10-12 15:29:43,833: INFO: main: >>>>>>>>>>>>>>>>>Stage Data Validation Completed<<<<<<<<<<<]
[2023-10-12 15:32:06,143: INFO: main: We are printing the logs here!!!]
[2023-10-12 15:32:06,143: INFO: main: -----------Stage Data Ingestion Started------------]
[2023-10-12 15:32:06,145: INFO: common: yaml file: config\config.yaml loaded successfully]
[2023-10-12 15:32:06,145: INFO: common: yaml file: params.yaml loaded successfully]
[2023-10-12 15:32:06,146: INFO: common: yaml file: schema.yaml loaded successfully]
[2023-10-12 15:32:06,146: INFO: common: created directory at: artifacts]
[2023-10-12 15:32:06,146: INFO: common: created directory at: artifacts/data_ingestion]
[2023-10-12 15:32:06,147: INFO: common: calling DB configuration]
[2023-10-12 15:32:06,147: INFO: common: Reading data from Mongo DB]
[2023-10-12 15:32:17,913: INFO: data_ingestion: Reading Completed from MongoDB]
[2023-10-12 15:32:17,913: INFO: data_ingestion: Writing data in Parquet file]
[2023-10-12 15:32:18,422: INFO: main: ------------Stage Data Ingestion Completed---------------------]
[2023-10-12 15:32:18,422: INFO: main: >>>>>>>>>>>>>>>>Stage Data Validation Started <<<<<<<<<<<<<<]
[2023-10-12 15:32:18,423: INFO: common: yaml file: config\config.yaml loaded successfully]
[2023-10-12 15:32:18,424: INFO: common: yaml file: params.yaml loaded successfully]
[2023-10-12 15:32:18,424: INFO: common: yaml file: schema.yaml loaded successfully]
[2023-10-12 15:32:18,425: INFO: common: created directory at: artifacts]
[2023-10-12 15:32:18,425: INFO: common: created directory at: artifacts/data_validation]
[2023-10-12 15:32:18,538: INFO: main: >>>>>>>>>>>>>>>>>Stage Data Validation Completed<<<<<<<<<<<]
[2023-10-12 15:32:53,396: INFO: main: We are printing the logs here!!!]
[2023-10-12 15:32:53,396: INFO: main: -----------Stage Data Ingestion Started------------]
[2023-10-12 15:32:53,398: INFO: common: yaml file: config\config.yaml loaded successfully]
[2023-10-12 15:32:53,398: INFO: common: yaml file: params.yaml loaded successfully]
[2023-10-12 15:32:53,399: INFO: common: yaml file: schema.yaml loaded successfully]
[2023-10-12 15:32:53,399: INFO: common: created directory at: artifacts]
[2023-10-12 15:32:53,399: INFO: common: created directory at: artifacts/data_ingestion]
[2023-10-12 15:32:53,400: INFO: common: calling DB configuration]
[2023-10-12 15:32:53,401: INFO: common: Reading data from Mongo DB]
[2023-10-12 15:33:05,557: INFO: data_ingestion: Reading Completed from MongoDB]
[2023-10-12 15:33:05,557: INFO: data_ingestion: Writing data in Parquet file]
[2023-10-12 15:33:06,087: INFO: main: ------------Stage Data Ingestion Completed---------------------]
[2023-10-12 15:33:06,087: INFO: main: >>>>>>>>>>>>>>>>Stage Data Validation Started <<<<<<<<<<<<<<]
[2023-10-12 15:33:06,089: INFO: common: yaml file: config\config.yaml loaded successfully]
[2023-10-12 15:33:06,089: INFO: common: yaml file: params.yaml loaded successfully]
[2023-10-12 15:33:06,090: INFO: common: yaml file: schema.yaml loaded successfully]
[2023-10-12 15:33:06,090: INFO: common: created directory at: artifacts]
[2023-10-12 15:33:06,090: INFO: common: created directory at: artifacts/data_validation]
[2023-10-12 15:33:06,219: INFO: main: >>>>>>>>>>>>>>>>>Stage Data Validation Completed<<<<<<<<<<<]
[2023-10-12 15:33:34,826: INFO: main: We are printing the logs here!!!]
[2023-10-12 15:33:34,826: INFO: main: -----------Stage Data Ingestion Started------------]
[2023-10-12 15:33:34,829: INFO: common: yaml file: config\config.yaml loaded successfully]
[2023-10-12 15:33:34,829: INFO: common: yaml file: params.yaml loaded successfully]
[2023-10-12 15:33:34,830: INFO: common: yaml file: schema.yaml loaded successfully]
[2023-10-12 15:33:34,830: INFO: common: created directory at: artifacts]
[2023-10-12 15:33:34,830: INFO: common: created directory at: artifacts/data_ingestion]
[2023-10-12 15:33:34,831: INFO: common: calling DB configuration]
[2023-10-12 15:33:34,832: INFO: common: Reading data from Mongo DB]
[2023-10-12 15:33:46,925: INFO: data_ingestion: Reading Completed from MongoDB]
[2023-10-12 15:33:46,925: INFO: data_ingestion: Writing data in Parquet file]
[2023-10-12 15:33:47,459: INFO: main: ------------Stage Data Ingestion Completed---------------------]
[2023-10-12 15:33:47,459: INFO: main: >>>>>>>>>>>>>>>>Stage Data Validation Started <<<<<<<<<<<<<<]
[2023-10-12 15:33:47,461: INFO: common: yaml file: config\config.yaml loaded successfully]
[2023-10-12 15:33:47,461: INFO: common: yaml file: params.yaml loaded successfully]
[2023-10-12 15:33:47,462: INFO: common: yaml file: schema.yaml loaded successfully]
[2023-10-12 15:33:47,462: INFO: common: created directory at: artifacts]
[2023-10-12 15:33:47,462: INFO: common: created directory at: artifacts/data_validation]
[2023-10-12 15:33:47,592: INFO: main: >>>>>>>>>>>>>>>>>Stage Data Validation Completed<<<<<<<<<<<]
[2023-10-12 15:34:35,471: INFO: main: We are printing the logs here!!!]
[2023-10-12 15:34:35,471: INFO: main: -----------Stage Data Ingestion Started------------]
[2023-10-12 15:34:35,474: INFO: common: yaml file: config\config.yaml loaded successfully]
[2023-10-12 15:34:35,476: INFO: common: yaml file: params.yaml loaded successfully]
[2023-10-12 15:34:35,477: INFO: common: yaml file: schema.yaml loaded successfully]
[2023-10-12 15:34:35,477: INFO: common: created directory at: artifacts]
[2023-10-12 15:34:35,478: INFO: common: created directory at: artifacts/data_ingestion]
[2023-10-12 15:34:35,479: INFO: common: calling DB configuration]
[2023-10-12 15:34:35,479: INFO: common: Reading data from Mongo DB]
[2023-10-12 15:34:47,261: INFO: data_ingestion: Reading Completed from MongoDB]
[2023-10-12 15:34:47,261: INFO: data_ingestion: Writing data in Parquet file]
[2023-10-12 15:34:47,758: INFO: main: ------------Stage Data Ingestion Completed---------------------]
[2023-10-12 15:34:47,758: INFO: main: >>>>>>>>>>>>>>>>Stage Data Validation Started <<<<<<<<<<<<<<]
[2023-10-12 15:34:47,760: INFO: common: yaml file: config\config.yaml loaded successfully]
[2023-10-12 15:34:47,761: INFO: common: yaml file: params.yaml loaded successfully]
[2023-10-12 15:34:47,761: INFO: common: yaml file: schema.yaml loaded successfully]
[2023-10-12 15:34:47,761: INFO: common: created directory at: artifacts]
[2023-10-12 15:34:47,762: INFO: common: created directory at: artifacts/data_validation]
[2023-10-12 15:34:47,880: INFO: main: >>>>>>>>>>>>>>>>>Stage Data Validation Completed<<<<<<<<<<<]
[2023-10-12 15:35:25,503: INFO: main: We are printing the logs here!!!]
[2023-10-12 15:35:25,503: INFO: main: -----------Stage Data Ingestion Started------------]
[2023-10-12 15:35:25,506: INFO: common: yaml file: config\config.yaml loaded successfully]
[2023-10-12 15:35:25,507: INFO: common: yaml file: params.yaml loaded successfully]
[2023-10-12 15:35:25,507: INFO: common: yaml file: schema.yaml loaded successfully]
[2023-10-12 15:35:25,508: INFO: common: created directory at: artifacts]
[2023-10-12 15:35:25,508: INFO: common: created directory at: artifacts/data_ingestion]
[2023-10-12 15:35:25,509: INFO: common: calling DB configuration]
[2023-10-12 15:35:25,509: INFO: common: Reading data from Mongo DB]
[2023-10-12 15:35:37,268: INFO: data_ingestion: Reading Completed from MongoDB]
[2023-10-12 15:35:37,268: INFO: data_ingestion: Writing data in Parquet file]
[2023-10-12 15:35:37,778: INFO: main: ------------Stage Data Ingestion Completed---------------------]
[2023-10-12 15:35:37,778: INFO: main: >>>>>>>>>>>>>>>>Stage Data Validation Started <<<<<<<<<<<<<<]
[2023-10-12 15:35:37,780: INFO: common: yaml file: config\config.yaml loaded successfully]
[2023-10-12 15:35:37,781: INFO: common: yaml file: params.yaml loaded successfully]
[2023-10-12 15:35:37,782: INFO: common: yaml file: schema.yaml loaded successfully]
[2023-10-12 15:35:37,782: INFO: common: created directory at: artifacts]
[2023-10-12 15:35:37,782: INFO: common: created directory at: artifacts/data_validation]
[2023-10-12 15:35:37,913: INFO: main: >>>>>>>>>>>>>>>>>Stage Data Validation Completed<<<<<<<<<<<]
[2023-10-12 15:37:49,502: INFO: main: We are printing the logs here!!!]
[2023-10-12 15:37:49,502: INFO: main: -----------Stage Data Ingestion Started------------]
[2023-10-12 15:37:49,503: INFO: common: yaml file: config\config.yaml loaded successfully]
[2023-10-12 15:37:49,505: INFO: common: yaml file: params.yaml loaded successfully]
[2023-10-12 15:37:49,506: INFO: common: yaml file: schema.yaml loaded successfully]
[2023-10-12 15:37:49,506: INFO: common: created directory at: artifacts]
[2023-10-12 15:37:49,506: INFO: common: created directory at: artifacts/data_ingestion]
[2023-10-12 15:37:49,509: INFO: common: calling DB configuration]
[2023-10-12 15:37:49,509: INFO: common: Reading data from Mongo DB]
[2023-10-12 15:38:01,971: INFO: data_ingestion: Reading Completed from MongoDB]
[2023-10-12 15:38:01,971: INFO: data_ingestion: Writing data in Parquet file]
[2023-10-12 15:38:02,518: INFO: main: ------------Stage Data Ingestion Completed---------------------]
[2023-10-12 15:38:02,518: INFO: main: >>>>>>>>>>>>>>>>Stage Data Validation Started <<<<<<<<<<<<<<]
[2023-10-12 15:38:02,520: INFO: common: yaml file: config\config.yaml loaded successfully]
[2023-10-12 15:38:02,520: INFO: common: yaml file: params.yaml loaded successfully]
[2023-10-12 15:38:02,520: INFO: common: yaml file: schema.yaml loaded successfully]
[2023-10-12 15:38:02,520: INFO: common: created directory at: artifacts]
[2023-10-12 15:38:02,520: INFO: common: created directory at: artifacts/data_validation]
[2023-10-12 15:38:02,725: INFO: main: >>>>>>>>>>>>>>>>>Stage Data Validation Completed<<<<<<<<<<<]
[2023-10-12 15:43:29,162: INFO: main: We are printing the logs here!!!]
[2023-10-12 15:43:29,162: INFO: main: -----------Stage Data Ingestion Started------------]
[2023-10-12 15:43:29,165: INFO: common: yaml file: config\config.yaml loaded successfully]
[2023-10-12 15:43:29,166: INFO: common: yaml file: params.yaml loaded successfully]
[2023-10-12 15:43:29,166: INFO: common: yaml file: schema.yaml loaded successfully]
[2023-10-12 15:43:29,166: INFO: common: created directory at: artifacts]
[2023-10-12 15:43:29,167: INFO: common: created directory at: artifacts/data_ingestion]
[2023-10-12 15:43:29,168: INFO: common: calling DB configuration]
[2023-10-12 15:43:29,168: INFO: common: Reading data from Mongo DB]
[2023-10-12 15:43:47,265: INFO: data_ingestion: Reading Completed from MongoDB]
[2023-10-12 15:43:47,265: INFO: data_ingestion: Writing data in Parquet file]
[2023-10-12 15:43:47,791: INFO: main: ------------Stage Data Ingestion Completed---------------------]
[2023-10-12 15:43:47,791: INFO: main: >>>>>>>>>>>>>>>>Stage Data Validation Started <<<<<<<<<<<<<<]
[2023-10-12 15:43:47,794: INFO: common: yaml file: config\config.yaml loaded successfully]
[2023-10-12 15:43:47,794: INFO: common: yaml file: params.yaml loaded successfully]
[2023-10-12 15:43:47,796: INFO: common: yaml file: schema.yaml loaded successfully]
[2023-10-12 15:43:47,797: INFO: common: created directory at: artifacts]
[2023-10-12 15:43:47,797: INFO: common: created directory at: artifacts/data_validation]
[2023-10-12 15:43:47,911: INFO: main: >>>>>>>>>>>>>>>>>Stage Data Validation Completed<<<<<<<<<<<]
[2023-10-12 15:44:48,907: INFO: main: We are printing the logs here!!!]
[2023-10-12 15:44:48,907: INFO: main: -----------Stage Data Ingestion Started------------]
[2023-10-12 15:44:48,909: INFO: common: yaml file: config\config.yaml loaded successfully]
[2023-10-12 15:44:48,910: INFO: common: yaml file: params.yaml loaded successfully]
[2023-10-12 15:44:48,911: INFO: common: yaml file: schema.yaml loaded successfully]
[2023-10-12 15:44:48,912: INFO: common: created directory at: artifacts]
[2023-10-12 15:44:48,912: INFO: common: created directory at: artifacts/data_ingestion]
[2023-10-12 15:44:48,913: INFO: common: calling DB configuration]
[2023-10-12 15:44:48,913: INFO: common: Reading data from Mongo DB]
[2023-10-12 15:45:01,375: INFO: data_ingestion: Reading Completed from MongoDB]
[2023-10-12 15:45:01,375: INFO: data_ingestion: Writing data in Parquet file]
[2023-10-12 15:45:01,888: INFO: main: ------------Stage Data Ingestion Completed---------------------]
[2023-10-12 15:45:01,888: INFO: main: >>>>>>>>>>>>>>>>Stage Data Validation Started <<<<<<<<<<<<<<]
[2023-10-12 15:45:01,890: INFO: common: yaml file: config\config.yaml loaded successfully]
[2023-10-12 15:45:01,891: INFO: common: yaml file: params.yaml loaded successfully]
[2023-10-12 15:45:01,891: INFO: common: yaml file: schema.yaml loaded successfully]
[2023-10-12 15:45:01,892: INFO: common: created directory at: artifacts]
[2023-10-12 15:45:01,892: INFO: common: created directory at: artifacts/data_validation]
[2023-10-12 15:45:02,025: INFO: main: >>>>>>>>>>>>>>>>>Stage Data Validation Completed<<<<<<<<<<<]
[2023-10-12 15:45:47,552: INFO: main: We are printing the logs here!!!]
[2023-10-12 15:45:47,552: INFO: main: -----------Stage Data Ingestion Started------------]
[2023-10-12 15:45:47,554: INFO: common: yaml file: config\config.yaml loaded successfully]
[2023-10-12 15:45:47,555: INFO: common: yaml file: params.yaml loaded successfully]
[2023-10-12 15:45:47,556: INFO: common: yaml file: schema.yaml loaded successfully]
[2023-10-12 15:45:47,556: INFO: common: created directory at: artifacts]
[2023-10-12 15:45:47,556: INFO: common: created directory at: artifacts/data_ingestion]
[2023-10-12 15:45:47,557: INFO: common: calling DB configuration]
[2023-10-12 15:45:47,557: INFO: common: Reading data from Mongo DB]
[2023-10-12 15:45:59,509: INFO: data_ingestion: Reading Completed from MongoDB]
[2023-10-12 15:45:59,510: INFO: data_ingestion: Writing data in Parquet file]
[2023-10-12 15:46:00,009: INFO: main: ------------Stage Data Ingestion Completed---------------------]
[2023-10-12 15:46:00,009: INFO: main: >>>>>>>>>>>>>>>>Stage Data Validation Started <<<<<<<<<<<<<<]
[2023-10-12 15:46:00,011: INFO: common: yaml file: config\config.yaml loaded successfully]
[2023-10-12 15:46:00,011: INFO: common: yaml file: params.yaml loaded successfully]
[2023-10-12 15:46:00,012: INFO: common: yaml file: schema.yaml loaded successfully]
[2023-10-12 15:46:00,012: INFO: common: created directory at: artifacts]
[2023-10-12 15:46:00,012: INFO: common: created directory at: artifacts/data_validation]
[2023-10-12 15:46:00,139: INFO: main: >>>>>>>>>>>>>>>>>Stage Data Validation Completed<<<<<<<<<<<]
[2023-10-12 15:47:44,979: INFO: main: We are printing the logs here!!!]
[2023-10-12 15:47:44,979: INFO: main: -----------Stage Data Ingestion Started------------]
[2023-10-12 15:47:44,981: INFO: common: yaml file: config\config.yaml loaded successfully]
[2023-10-12 15:47:44,981: INFO: common: yaml file: params.yaml loaded successfully]
[2023-10-12 15:47:44,982: INFO: common: yaml file: schema.yaml loaded successfully]
[2023-10-12 15:47:44,982: INFO: common: created directory at: artifacts]
[2023-10-12 15:47:44,982: INFO: common: created directory at: artifacts/data_ingestion]
[2023-10-12 15:47:44,984: INFO: common: calling DB configuration]
[2023-10-12 15:47:44,984: INFO: common: Reading data from Mongo DB]
[2023-10-12 15:47:57,077: INFO: data_ingestion: Reading Completed from MongoDB]
[2023-10-12 15:47:57,077: INFO: data_ingestion: Writing data in Parquet file]
[2023-10-12 15:47:57,591: INFO: main: ------------Stage Data Ingestion Completed---------------------]
[2023-10-12 15:47:57,591: INFO: main: >>>>>>>>>>>>>>>>Stage Data Validation Started <<<<<<<<<<<<<<]
[2023-10-12 15:47:57,592: INFO: common: yaml file: config\config.yaml loaded successfully]
[2023-10-12 15:47:57,593: INFO: common: yaml file: params.yaml loaded successfully]
[2023-10-12 15:47:57,593: INFO: common: yaml file: schema.yaml loaded successfully]
[2023-10-12 15:47:57,593: INFO: common: created directory at: artifacts]
[2023-10-12 15:47:57,593: INFO: common: created directory at: artifacts/data_validation]
[2023-10-12 15:47:57,597: INFO: main: >>>>>>>>>>>>>>>>>Stage Data Validation Completed<<<<<<<<<<<]
[2023-10-12 15:52:19,169: INFO: main: We are printing the logs here!!!]
[2023-10-12 15:52:19,169: INFO: main: -----------Stage Data Ingestion Started------------]
[2023-10-12 15:52:19,171: INFO: common: yaml file: config\config.yaml loaded successfully]
[2023-10-12 15:52:19,171: INFO: common: yaml file: params.yaml loaded successfully]
[2023-10-12 15:52:19,172: INFO: common: yaml file: schema.yaml loaded successfully]
[2023-10-12 15:52:19,172: INFO: common: created directory at: artifacts]
[2023-10-12 15:52:19,172: INFO: common: created directory at: artifacts/data_ingestion]
[2023-10-12 15:52:19,173: INFO: common: calling DB configuration]
[2023-10-12 15:52:19,174: INFO: common: Reading data from Mongo DB]
[2023-10-12 15:52:31,068: INFO: data_ingestion: Reading Completed from MongoDB]
[2023-10-12 15:52:31,068: INFO: data_ingestion: Writing data in Parquet file]
[2023-10-12 15:52:31,570: INFO: main: ------------Stage Data Ingestion Completed---------------------]
[2023-10-12 15:52:31,570: INFO: main: >>>>>>>>>>>>>>>>Stage Data Validation Started <<<<<<<<<<<<<<]
[2023-10-12 15:52:31,571: INFO: common: yaml file: config\config.yaml loaded successfully]
[2023-10-12 15:52:31,572: INFO: common: yaml file: params.yaml loaded successfully]
[2023-10-12 15:52:31,572: INFO: common: yaml file: schema.yaml loaded successfully]
[2023-10-12 15:52:31,573: INFO: common: created directory at: artifacts]
[2023-10-12 15:52:31,573: INFO: common: created directory at: artifacts/data_validation]
[2023-10-12 15:52:31,573: INFO: main: >>>>>>>>>>>>>>>>>Stage Data Validation Completed<<<<<<<<<<<]
[2023-10-12 15:54:28,559: INFO: main: We are printing the logs here!!!]
[2023-10-12 15:54:28,560: INFO: main: -----------Stage Data Ingestion Started------------]
[2023-10-12 15:54:28,562: INFO: common: yaml file: config\config.yaml loaded successfully]
[2023-10-12 15:54:28,563: INFO: common: yaml file: params.yaml loaded successfully]
[2023-10-12 15:54:28,564: INFO: common: yaml file: schema.yaml loaded successfully]
[2023-10-12 15:54:28,564: INFO: common: created directory at: artifacts]
[2023-10-12 15:54:28,564: INFO: common: created directory at: artifacts/data_ingestion]
[2023-10-12 15:54:28,566: INFO: common: calling DB configuration]
[2023-10-12 15:54:28,566: INFO: common: Reading data from Mongo DB]
[2023-10-12 15:54:44,527: INFO: data_ingestion: Reading Completed from MongoDB]
[2023-10-12 15:54:44,528: INFO: data_ingestion: Writing data in Parquet file]
[2023-10-12 15:54:45,606: INFO: main: ------------Stage Data Ingestion Completed---------------------]
[2023-10-12 15:54:45,607: INFO: main: >>>>>>>>>>>>>>>>Stage Data Validation Started <<<<<<<<<<<<<<]
[2023-10-12 15:54:45,613: INFO: common: yaml file: config\config.yaml loaded successfully]
[2023-10-12 15:54:45,615: INFO: common: yaml file: params.yaml loaded successfully]
[2023-10-12 15:54:45,617: INFO: common: yaml file: schema.yaml loaded successfully]
[2023-10-12 15:54:45,618: INFO: common: created directory at: artifacts]
[2023-10-12 15:54:45,619: INFO: common: created directory at: artifacts/data_validation]
[2023-10-12 15:54:45,619: INFO: main: >>>>>>>>>>>>>>>>>Stage Data Validation Completed<<<<<<<<<<<]
[2023-10-12 15:59:27,258: INFO: main: We are printing the logs here!!!]
[2023-10-12 15:59:27,258: INFO: main: -----------Stage Data Ingestion Started------------]
[2023-10-12 15:59:27,260: INFO: common: yaml file: config\config.yaml loaded successfully]
[2023-10-12 15:59:27,261: INFO: common: yaml file: params.yaml loaded successfully]
[2023-10-12 15:59:27,263: INFO: common: yaml file: schema.yaml loaded successfully]
[2023-10-12 15:59:27,263: INFO: common: created directory at: artifacts]
[2023-10-12 15:59:27,264: INFO: common: created directory at: artifacts/data_ingestion]
[2023-10-12 15:59:27,265: INFO: common: calling DB configuration]
[2023-10-12 15:59:27,265: INFO: common: Reading data from Mongo DB]
[2023-10-12 15:59:39,794: INFO: data_ingestion: Reading Completed from MongoDB]
[2023-10-12 15:59:39,794: INFO: data_ingestion: Writing data in Parquet file]
[2023-10-12 15:59:40,317: INFO: main: ------------Stage Data Ingestion Completed---------------------]
[2023-10-12 15:59:40,318: INFO: main: >>>>>>>>>>>>>>>>Stage Data Validation Started <<<<<<<<<<<<<<]
[2023-10-12 15:59:40,319: INFO: common: yaml file: config\config.yaml loaded successfully]
[2023-10-12 15:59:40,319: INFO: common: yaml file: params.yaml loaded successfully]
[2023-10-12 15:59:40,320: INFO: common: yaml file: schema.yaml loaded successfully]
[2023-10-12 15:59:40,320: INFO: common: created directory at: artifacts]
[2023-10-12 15:59:40,320: INFO: common: created directory at: artifacts/data_validation]
[2023-10-12 15:59:40,451: INFO: main: >>>>>>>>>>>>>>>>>Stage Data Validation Completed<<<<<<<<<<<]
[2023-10-12 16:01:22,046: INFO: main: We are printing the logs here!!!]
[2023-10-12 16:01:22,047: INFO: main: -----------Stage Data Ingestion Started------------]
[2023-10-12 16:01:22,050: INFO: common: yaml file: config\config.yaml loaded successfully]
[2023-10-12 16:01:22,050: INFO: common: yaml file: params.yaml loaded successfully]
[2023-10-12 16:01:22,051: INFO: common: yaml file: schema.yaml loaded successfully]
[2023-10-12 16:01:22,052: INFO: common: created directory at: artifacts]
[2023-10-12 16:01:22,052: INFO: common: created directory at: artifacts/data_ingestion]
[2023-10-12 16:01:22,053: INFO: common: calling DB configuration]
[2023-10-12 16:01:22,053: INFO: common: Reading data from Mongo DB]
[2023-10-12 16:01:33,917: INFO: data_ingestion: Reading Completed from MongoDB]
[2023-10-12 16:01:33,917: INFO: data_ingestion: Writing data in Parquet file]
[2023-10-12 16:01:34,455: INFO: main: ------------Stage Data Ingestion Completed---------------------]
[2023-10-12 16:01:34,455: INFO: main: >>>>>>>>>>>>>>>>Stage Data Validation Started <<<<<<<<<<<<<<]
[2023-10-12 16:01:34,456: INFO: common: yaml file: config\config.yaml loaded successfully]
[2023-10-12 16:01:34,458: INFO: common: yaml file: params.yaml loaded successfully]
[2023-10-12 16:01:34,459: INFO: common: yaml file: schema.yaml loaded successfully]
[2023-10-12 16:01:34,460: INFO: common: created directory at: artifacts]
[2023-10-12 16:01:34,460: INFO: common: created directory at: artifacts/data_validation]
[2023-10-12 16:01:34,583: INFO: main: >>>>>>>>>>>>>>>>>Stage Data Validation Completed<<<<<<<<<<<]
[2023-10-12 16:32:21,358: INFO: main: We are printing the logs here!!!]
[2023-10-12 16:32:21,358: INFO: main: -----------Stage Data Ingestion Started------------]
[2023-10-12 16:32:21,360: INFO: common: yaml file: config\config.yaml loaded successfully]
[2023-10-12 16:32:21,361: INFO: common: yaml file: params.yaml loaded successfully]
[2023-10-12 16:32:21,361: INFO: common: yaml file: schema.yaml loaded successfully]
[2023-10-12 16:32:21,361: INFO: common: created directory at: artifacts]
[2023-10-12 16:32:21,362: INFO: common: created directory at: artifacts/data_ingestion]
[2023-10-12 16:32:21,362: INFO: common: calling DB configuration]
[2023-10-12 16:32:21,363: INFO: common: Reading data from Mongo DB]
[2023-10-12 16:32:34,327: INFO: data_ingestion: Reading Completed from MongoDB]
[2023-10-12 16:32:34,327: INFO: data_ingestion: Writing data in Parquet file]
[2023-10-12 16:32:34,815: INFO: main: ------------Stage Data Ingestion Completed---------------------]
[2023-10-12 16:32:34,815: INFO: main: >>>>>>>>>>>>>>>>Stage Data Validation Started <<<<<<<<<<<<<<]
[2023-10-12 16:32:34,818: INFO: common: yaml file: config\config.yaml loaded successfully]
[2023-10-12 16:32:34,818: INFO: common: yaml file: params.yaml loaded successfully]
[2023-10-12 16:32:34,819: INFO: common: yaml file: schema.yaml loaded successfully]
[2023-10-12 16:32:34,819: INFO: common: created directory at: artifacts]
[2023-10-12 16:32:34,819: INFO: common: created directory at: artifacts/data_validation]
[2023-10-12 16:32:34,943: INFO: main: >>>>>>>>>>>>>>>>>Stage Data Validation Completed<<<<<<<<<<<]
[2023-10-12 16:33:00,473: INFO: main: We are printing the logs here!!!]
[2023-10-12 16:33:00,473: INFO: main: -----------Stage Data Ingestion Started------------]
[2023-10-12 16:33:00,474: INFO: common: yaml file: config\config.yaml loaded successfully]
[2023-10-12 16:33:00,475: INFO: common: yaml file: params.yaml loaded successfully]
[2023-10-12 16:33:00,475: INFO: common: yaml file: schema.yaml loaded successfully]
[2023-10-12 16:33:00,476: INFO: common: created directory at: artifacts]
[2023-10-12 16:33:00,476: INFO: common: created directory at: artifacts/data_ingestion]
[2023-10-12 16:33:00,477: INFO: common: calling DB configuration]
[2023-10-12 16:33:00,477: INFO: common: Reading data from Mongo DB]
[2023-10-12 16:33:13,361: INFO: data_ingestion: Reading Completed from MongoDB]
[2023-10-12 16:33:13,361: INFO: data_ingestion: Writing data in Parquet file]
[2023-10-12 16:33:13,868: INFO: main: ------------Stage Data Ingestion Completed---------------------]
[2023-10-12 16:33:13,868: INFO: main: >>>>>>>>>>>>>>>>Stage Data Validation Started <<<<<<<<<<<<<<]
[2023-10-12 16:33:13,869: INFO: common: yaml file: config\config.yaml loaded successfully]
[2023-10-12 16:33:13,870: INFO: common: yaml file: params.yaml loaded successfully]
[2023-10-12 16:33:13,870: INFO: common: yaml file: schema.yaml loaded successfully]
[2023-10-12 16:33:13,870: INFO: common: created directory at: artifacts]
[2023-10-12 16:33:13,870: INFO: common: created directory at: artifacts/data_validation]
[2023-10-12 16:33:13,982: INFO: main: >>>>>>>>>>>>>>>>>Stage Data Validation Completed<<<<<<<<<<<]
[2023-10-12 16:33:45,223: INFO: main: We are printing the logs here!!!]
[2023-10-12 16:33:45,224: INFO: main: -----------Stage Data Ingestion Started------------]
[2023-10-12 16:33:45,226: INFO: common: yaml file: config\config.yaml loaded successfully]
[2023-10-12 16:33:45,226: INFO: common: yaml file: params.yaml loaded successfully]
[2023-10-12 16:33:45,227: INFO: common: yaml file: schema.yaml loaded successfully]
[2023-10-12 16:33:45,227: INFO: common: created directory at: artifacts]
[2023-10-12 16:33:45,227: INFO: common: created directory at: artifacts/data_ingestion]
[2023-10-12 16:33:45,228: INFO: common: calling DB configuration]
[2023-10-12 16:33:45,228: INFO: common: Reading data from Mongo DB]
[2023-10-12 16:33:57,523: INFO: data_ingestion: Reading Completed from MongoDB]
[2023-10-12 16:33:57,523: INFO: data_ingestion: Writing data in Parquet file]
[2023-10-12 16:33:58,009: INFO: main: ------------Stage Data Ingestion Completed---------------------]
[2023-10-12 16:33:58,009: INFO: main: >>>>>>>>>>>>>>>>Stage Data Validation Started <<<<<<<<<<<<<<]
[2023-10-12 16:33:58,010: INFO: common: yaml file: config\config.yaml loaded successfully]
[2023-10-12 16:33:58,011: INFO: common: yaml file: params.yaml loaded successfully]
[2023-10-12 16:33:58,011: INFO: common: yaml file: schema.yaml loaded successfully]
[2023-10-12 16:33:58,012: INFO: common: created directory at: artifacts]
[2023-10-12 16:33:58,012: INFO: common: created directory at: artifacts/data_validation]
[2023-10-12 16:33:58,135: INFO: main: >>>>>>>>>>>>>>>>>Stage Data Validation Completed<<<<<<<<<<<]
[2023-10-12 16:46:55,665: INFO: main: We are printing the logs here!!!]
[2023-10-12 16:46:55,665: INFO: main: -----------Stage Data Ingestion Started------------]
[2023-10-12 16:46:55,673: INFO: common: yaml file: config\config.yaml loaded successfully]
[2023-10-12 16:46:55,674: INFO: common: yaml file: params.yaml loaded successfully]
[2023-10-12 16:46:55,677: INFO: common: yaml file: schema.yaml loaded successfully]
[2023-10-12 16:46:55,678: INFO: common: created directory at: artifacts]
[2023-10-12 16:46:55,678: INFO: common: created directory at: artifacts/data_ingestion]
[2023-10-12 16:46:55,685: INFO: common: calling DB configuration]
[2023-10-12 16:46:55,685: INFO: common: Reading data from Mongo DB]
[2023-10-12 16:47:15,382: INFO: data_ingestion: Reading Completed from MongoDB]
[2023-10-12 16:47:15,389: INFO: data_ingestion: Writing data in Parquet file]
[2023-10-12 16:47:15,897: INFO: main: ------------Stage Data Ingestion Completed---------------------]
[2023-10-12 16:47:15,897: INFO: main: >>>>>>>>>>>>>>>>Stage Data Validation Started <<<<<<<<<<<<<<]
[2023-10-12 16:47:15,902: INFO: common: yaml file: config\config.yaml loaded successfully]
[2023-10-12 16:47:15,904: INFO: common: yaml file: params.yaml loaded successfully]
[2023-10-12 16:47:15,906: INFO: common: yaml file: schema.yaml loaded successfully]
[2023-10-12 16:47:15,906: INFO: common: created directory at: artifacts]
[2023-10-12 16:47:15,906: INFO: common: created directory at: artifacts/data_validation]
[2023-10-12 16:48:11,677: INFO: main: >>>>>>>>>>>>>>>>>Stage Data Validation Completed<<<<<<<<<<<]
[2023-10-12 16:54:46,477: INFO: main: We are printing the logs here!!!]
[2023-10-12 16:54:46,478: INFO: main: -----------Stage Data Ingestion Started------------]
[2023-10-12 16:54:46,480: INFO: common: yaml file: config\config.yaml loaded successfully]
[2023-10-12 16:54:46,480: INFO: common: yaml file: params.yaml loaded successfully]
[2023-10-12 16:54:46,481: INFO: common: yaml file: schema.yaml loaded successfully]
[2023-10-12 16:54:46,481: INFO: common: created directory at: artifacts]
[2023-10-12 16:54:46,481: INFO: common: created directory at: artifacts/data_ingestion]
[2023-10-12 16:54:46,482: INFO: common: calling DB configuration]
[2023-10-12 16:54:46,482: INFO: common: Reading data from Mongo DB]
[2023-10-12 16:55:06,708: INFO: data_ingestion: Reading Completed from MongoDB]
[2023-10-12 16:55:06,708: INFO: data_ingestion: Writing data in Parquet file]
[2023-10-12 16:55:07,226: INFO: main: ------------Stage Data Ingestion Completed---------------------]
[2023-10-12 16:55:07,226: INFO: main: >>>>>>>>>>>>>>>>Stage Data Validation Started <<<<<<<<<<<<<<]
[2023-10-12 16:55:07,228: INFO: common: yaml file: config\config.yaml loaded successfully]
[2023-10-12 16:55:07,228: INFO: common: yaml file: params.yaml loaded successfully]
[2023-10-12 16:55:07,229: INFO: common: yaml file: schema.yaml loaded successfully]
[2023-10-12 16:55:07,229: INFO: common: created directory at: artifacts]
[2023-10-12 16:55:07,229: INFO: common: created directory at: artifacts/data_validation]
[2023-10-12 16:55:07,372: INFO: main: >>>>>>>>>>>>>>>>>Stage Data Validation Completed<<<<<<<<<<<]
[2023-10-12 17:00:42,464: INFO: main: We are printing the logs here!!!]
[2023-10-12 17:00:42,464: INFO: main: -----------Stage Data Ingestion Started------------]
[2023-10-12 17:00:42,466: INFO: common: yaml file: config\config.yaml loaded successfully]
[2023-10-12 17:00:42,467: INFO: common: yaml file: params.yaml loaded successfully]
[2023-10-12 17:00:42,467: INFO: common: yaml file: schema.yaml loaded successfully]
[2023-10-12 17:00:42,467: INFO: common: created directory at: artifacts]
[2023-10-12 17:00:42,469: INFO: common: created directory at: artifacts/data_ingestion]
[2023-10-12 17:00:42,469: INFO: common: calling DB configuration]
[2023-10-12 17:00:42,469: INFO: common: Reading data from Mongo DB]
[2023-10-12 17:00:54,593: INFO: data_ingestion: Reading Completed from MongoDB]
[2023-10-12 17:00:54,593: INFO: data_ingestion: Writing data in Parquet file]
[2023-10-12 17:00:55,105: INFO: main: ------------Stage Data Ingestion Completed---------------------]
[2023-10-12 17:00:55,105: INFO: main: >>>>>>>>>>>>>>>>Stage Data Validation Started <<<<<<<<<<<<<<]
[2023-10-12 17:00:55,106: INFO: common: yaml file: config\config.yaml loaded successfully]
[2023-10-12 17:00:55,107: INFO: common: yaml file: params.yaml loaded successfully]
[2023-10-12 17:00:55,107: INFO: common: yaml file: schema.yaml loaded successfully]
[2023-10-12 17:00:55,107: INFO: common: created directory at: artifacts]
[2023-10-12 17:00:55,108: INFO: common: created directory at: artifacts/data_validation]
[2023-10-12 17:00:55,228: INFO: main: >>>>>>>>>>>>>>>>>Stage Data Validation Completed<<<<<<<<<<<]
[2023-10-12 17:01:28,939: INFO: main: We are printing the logs here!!!]
[2023-10-12 17:01:28,940: INFO: main: -----------Stage Data Ingestion Started------------]
[2023-10-12 17:01:28,942: INFO: common: yaml file: config\config.yaml loaded successfully]
[2023-10-12 17:01:28,943: INFO: common: yaml file: params.yaml loaded successfully]
[2023-10-12 17:01:28,945: INFO: common: yaml file: schema.yaml loaded successfully]
[2023-10-12 17:01:28,945: INFO: common: created directory at: artifacts]
[2023-10-12 17:01:28,945: INFO: common: created directory at: artifacts/data_ingestion]
[2023-10-12 17:01:28,947: INFO: common: calling DB configuration]
[2023-10-12 17:01:28,947: INFO: common: Reading data from Mongo DB]
[2023-10-12 17:01:41,145: INFO: data_ingestion: Reading Completed from MongoDB]
[2023-10-12 17:01:41,146: INFO: data_ingestion: Writing data in Parquet file]
[2023-10-12 17:01:41,654: INFO: main: ------------Stage Data Ingestion Completed---------------------]
[2023-10-12 17:01:41,654: INFO: main: >>>>>>>>>>>>>>>>Stage Data Validation Started <<<<<<<<<<<<<<]
[2023-10-12 17:01:41,655: INFO: common: yaml file: config\config.yaml loaded successfully]
[2023-10-12 17:01:41,656: INFO: common: yaml file: params.yaml loaded successfully]
[2023-10-12 17:01:41,656: INFO: common: yaml file: schema.yaml loaded successfully]
[2023-10-12 17:01:41,656: INFO: common: created directory at: artifacts]
[2023-10-12 17:01:41,657: INFO: common: created directory at: artifacts/data_validation]
[2023-10-12 17:01:41,768: INFO: main: >>>>>>>>>>>>>>>>>Stage Data Validation Completed<<<<<<<<<<<]
[2023-10-12 17:01:55,211: INFO: main: We are printing the logs here!!!]
[2023-10-12 17:01:55,212: INFO: main: -----------Stage Data Ingestion Started------------]
[2023-10-12 17:01:55,217: INFO: common: yaml file: config\config.yaml loaded successfully]
[2023-10-12 17:01:55,219: INFO: common: yaml file: params.yaml loaded successfully]
[2023-10-12 17:01:55,221: INFO: common: yaml file: schema.yaml loaded successfully]
[2023-10-12 17:01:55,221: INFO: common: created directory at: artifacts]
[2023-10-12 17:01:55,221: INFO: common: created directory at: artifacts/data_ingestion]
[2023-10-12 17:01:55,225: INFO: common: calling DB configuration]
[2023-10-12 17:01:55,225: INFO: common: Reading data from Mongo DB]
[2023-10-12 17:02:14,241: INFO: data_ingestion: Reading Completed from MongoDB]
[2023-10-12 17:02:14,242: INFO: data_ingestion: Writing data in Parquet file]
[2023-10-12 17:02:14,765: INFO: main: ------------Stage Data Ingestion Completed---------------------]
[2023-10-12 17:02:14,767: INFO: main: >>>>>>>>>>>>>>>>Stage Data Validation Started <<<<<<<<<<<<<<]
[2023-10-12 17:02:14,773: INFO: common: yaml file: config\config.yaml loaded successfully]
[2023-10-12 17:02:14,774: INFO: common: yaml file: params.yaml loaded successfully]
[2023-10-12 17:02:14,775: INFO: common: yaml file: schema.yaml loaded successfully]
[2023-10-12 17:02:14,776: INFO: common: created directory at: artifacts]
[2023-10-12 17:02:14,776: INFO: common: created directory at: artifacts/data_validation]
[2023-10-12 17:03:14,303: INFO: main: >>>>>>>>>>>>>>>>>Stage Data Validation Completed<<<<<<<<<<<]
[2023-10-12 17:42:02,100: INFO: main: We are printing the logs here!!!]
[2023-10-12 17:42:02,100: INFO: main: -----------Stage Data Ingestion Started------------]
[2023-10-12 17:42:02,102: INFO: common: yaml file: config\config.yaml loaded successfully]
[2023-10-12 17:42:02,103: INFO: common: yaml file: params.yaml loaded successfully]
[2023-10-12 17:42:02,104: INFO: common: yaml file: schema.yaml loaded successfully]
[2023-10-12 17:42:02,104: INFO: common: created directory at: artifacts]
[2023-10-12 17:42:02,104: INFO: common: created directory at: artifacts/data_ingestion]
[2023-10-12 17:42:02,106: INFO: common: calling DB configuration]
[2023-10-12 17:42:02,106: INFO: common: Reading data from Mongo DB]
[2023-10-12 17:42:14,585: INFO: data_ingestion: Reading Completed from MongoDB]
[2023-10-12 17:42:14,585: INFO: data_ingestion: Writing data in Parquet file]
[2023-10-12 17:42:15,122: INFO: main: ------------Stage Data Ingestion Completed---------------------]
[2023-10-12 17:42:15,122: INFO: main: >>>>>>>>>>>>>>>>Stage Data Validation Started <<<<<<<<<<<<<<]
[2023-10-12 17:42:15,124: INFO: common: yaml file: config\config.yaml loaded successfully]
[2023-10-12 17:42:15,124: INFO: common: yaml file: params.yaml loaded successfully]
[2023-10-12 17:42:15,125: INFO: common: yaml file: schema.yaml loaded successfully]
[2023-10-12 17:42:15,125: INFO: common: created directory at: artifacts]
[2023-10-12 17:42:15,125: INFO: common: created directory at: artifacts/data_validation]
[2023-10-12 17:42:15,256: INFO: main: >>>>>>>>>>>>>>>>>Stage Data Validation Completed<<<<<<<<<<<]
[2023-10-13 10:59:01,520: INFO: main: We are printing the logs here!!!]
[2023-10-13 10:59:01,521: INFO: main: -----------Stage Data Ingestion Started------------]
[2023-10-13 10:59:01,531: INFO: common: yaml file: config\config.yaml loaded successfully]
[2023-10-13 10:59:01,542: INFO: common: yaml file: params.yaml loaded successfully]
[2023-10-13 10:59:01,552: INFO: common: yaml file: schema.yaml loaded successfully]
[2023-10-13 10:59:01,553: INFO: common: created directory at: artifacts]
[2023-10-13 10:59:01,554: INFO: common: created directory at: artifacts/data_ingestion]
[2023-10-13 10:59:01,556: INFO: common: calling DB configuration]
[2023-10-13 10:59:01,556: INFO: common: Reading data from Mongo DB]
[2023-10-13 10:59:02,200: INFO: common: Error occurs =========== 'creation_time']
[2023-10-13 10:59:02,200: INFO: data_ingestion: Reading Completed from MongoDB]
[2023-10-13 10:59:02,200: INFO: data_ingestion: Writing data in Parquet file]
[2023-10-13 10:59:02,200: INFO: main: ------------Stage Data Ingestion Completed---------------------]
[2023-10-13 10:59:02,200: INFO: main: >>>>>>>>>>>>>>>>Stage Data Validation Started <<<<<<<<<<<<<<]
[2023-10-13 10:59:02,202: INFO: common: yaml file: config\config.yaml loaded successfully]
[2023-10-13 10:59:02,202: INFO: common: yaml file: params.yaml loaded successfully]
[2023-10-13 10:59:02,203: INFO: common: yaml file: schema.yaml loaded successfully]
[2023-10-13 10:59:02,204: INFO: common: created directory at: artifacts]
[2023-10-13 10:59:02,204: INFO: common: created directory at: artifacts/data_validation]
[2023-10-13 10:59:02,331: INFO: main: >>>>>>>>>>>>>>>>>Stage Data Validation Completed<<<<<<<<<<<]
[2023-10-13 11:00:54,716: INFO: main: We are printing the logs here!!!]
[2023-10-13 11:00:54,716: INFO: main: -----------Stage Data Ingestion Started------------]
[2023-10-13 11:00:54,718: INFO: common: yaml file: config\config.yaml loaded successfully]
[2023-10-13 11:00:54,719: INFO: common: yaml file: params.yaml loaded successfully]
[2023-10-13 11:00:54,720: INFO: common: yaml file: schema.yaml loaded successfully]
[2023-10-13 11:00:54,720: INFO: common: created directory at: artifacts]
[2023-10-13 11:00:54,720: INFO: common: created directory at: artifacts/data_ingestion]
[2023-10-13 11:00:54,721: INFO: common: calling DB configuration]
[2023-10-13 11:00:54,721: INFO: common: Reading data from Mongo DB]
[2023-10-13 11:00:55,005: INFO: common: Error occurs =========== 'creation_time']
[2023-10-13 11:00:55,005: INFO: data_ingestion: Reading Completed from MongoDB]
[2023-10-13 11:00:55,006: INFO: data_ingestion: Writing data in Parquet file]
[2023-10-13 11:00:55,006: INFO: main: ------------Stage Data Ingestion Completed---------------------]
[2023-10-13 11:00:55,006: INFO: main: >>>>>>>>>>>>>>>>Stage Data Validation Started <<<<<<<<<<<<<<]
[2023-10-13 11:00:55,009: INFO: common: yaml file: config\config.yaml loaded successfully]
[2023-10-13 11:00:55,010: INFO: common: yaml file: params.yaml loaded successfully]
[2023-10-13 11:00:55,010: INFO: common: yaml file: schema.yaml loaded successfully]
[2023-10-13 11:00:55,011: INFO: common: created directory at: artifacts]
[2023-10-13 11:00:55,011: INFO: common: created directory at: artifacts/data_validation]
[2023-10-13 11:00:55,024: INFO: main: >>>>>>>>>>>>>>>>>Stage Data Validation Completed<<<<<<<<<<<]
[2023-10-13 11:01:27,535: INFO: main: We are printing the logs here!!!]
[2023-10-13 11:01:27,535: INFO: main: -----------Stage Data Ingestion Started------------]
[2023-10-13 11:01:27,537: INFO: common: yaml file: config\config.yaml loaded successfully]
[2023-10-13 11:01:27,537: INFO: common: yaml file: params.yaml loaded successfully]
[2023-10-13 11:01:27,538: INFO: common: yaml file: schema.yaml loaded successfully]
[2023-10-13 11:01:27,538: INFO: common: created directory at: artifacts]
[2023-10-13 11:01:27,538: INFO: common: created directory at: artifacts/data_ingestion]
[2023-10-13 11:01:27,539: INFO: common: calling DB configuration]
[2023-10-13 11:01:27,539: INFO: common: Reading data from Mongo DB]
[2023-10-13 11:01:27,773: INFO: common: Error occurs =========== 'creation_time']
[2023-10-13 11:01:27,774: INFO: data_ingestion: Reading Completed from MongoDB]
[2023-10-13 11:01:27,774: INFO: data_ingestion: Writing data in Parquet file]
[2023-10-13 11:01:27,774: INFO: main: ------------Stage Data Ingestion Completed---------------------]
[2023-10-13 11:01:27,774: INFO: main: >>>>>>>>>>>>>>>>Stage Data Validation Started <<<<<<<<<<<<<<]
[2023-10-13 11:01:27,777: INFO: common: yaml file: config\config.yaml loaded successfully]
[2023-10-13 11:01:27,778: INFO: common: yaml file: params.yaml loaded successfully]
[2023-10-13 11:01:27,780: INFO: common: yaml file: schema.yaml loaded successfully]
[2023-10-13 11:01:27,781: INFO: common: created directory at: artifacts]
[2023-10-13 11:01:27,781: INFO: common: created directory at: artifacts/data_validation]
[2023-10-13 11:01:27,798: INFO: main: >>>>>>>>>>>>>>>>>Stage Data Validation Completed<<<<<<<<<<<]
[2023-10-13 11:01:57,586: INFO: main: We are printing the logs here!!!]
[2023-10-13 11:01:57,586: INFO: main: -----------Stage Data Ingestion Started------------]
[2023-10-13 11:01:57,588: INFO: common: yaml file: config\config.yaml loaded successfully]
[2023-10-13 11:01:57,588: INFO: common: yaml file: params.yaml loaded successfully]
[2023-10-13 11:01:57,589: INFO: common: yaml file: schema.yaml loaded successfully]
[2023-10-13 11:01:57,589: INFO: common: created directory at: artifacts]
[2023-10-13 11:01:57,589: INFO: common: created directory at: artifacts/data_ingestion]
[2023-10-13 11:01:57,590: INFO: common: calling DB configuration]
[2023-10-13 11:01:57,590: INFO: common: Reading data from Mongo DB]
[2023-10-13 11:01:57,797: INFO: common: Error occurs =========== 'creation_time']
[2023-10-13 11:01:57,798: INFO: data_ingestion: Reading Completed from MongoDB]
[2023-10-13 11:01:57,798: INFO: data_ingestion: Writing data in Parquet file]
[2023-10-13 11:01:57,799: INFO: main: ------------Stage Data Ingestion Completed---------------------]
[2023-10-13 11:01:57,799: INFO: main: >>>>>>>>>>>>>>>>Stage Data Validation Started <<<<<<<<<<<<<<]
[2023-10-13 11:01:57,803: INFO: common: yaml file: config\config.yaml loaded successfully]
[2023-10-13 11:01:57,804: INFO: common: yaml file: params.yaml loaded successfully]
[2023-10-13 11:01:57,805: INFO: common: yaml file: schema.yaml loaded successfully]
[2023-10-13 11:01:57,806: INFO: common: created directory at: artifacts]
[2023-10-13 11:01:57,806: INFO: common: created directory at: artifacts/data_validation]
[2023-10-13 11:01:57,828: INFO: main: >>>>>>>>>>>>>>>>>Stage Data Validation Completed<<<<<<<<<<<]
[2023-10-13 11:02:53,955: INFO: main: We are printing the logs here!!!]
[2023-10-13 11:02:53,955: INFO: main: -----------Stage Data Ingestion Started------------]
[2023-10-13 11:02:53,956: INFO: common: yaml file: config\config.yaml loaded successfully]
[2023-10-13 11:02:53,957: INFO: common: yaml file: params.yaml loaded successfully]
[2023-10-13 11:02:53,957: INFO: common: yaml file: schema.yaml loaded successfully]
[2023-10-13 11:02:53,957: INFO: common: created directory at: artifacts]
[2023-10-13 11:02:53,957: INFO: common: created directory at: artifacts/data_ingestion]
[2023-10-13 11:02:53,958: INFO: common: calling DB configuration]
[2023-10-13 11:02:53,958: INFO: common: Reading data from Mongo DB]
[2023-10-13 11:02:54,173: INFO: common: Error occurs =========== 'creation_time']
[2023-10-13 11:02:54,173: INFO: data_ingestion: Reading Completed from MongoDB]
[2023-10-13 11:02:54,173: INFO: data_ingestion: Writing data in Parquet file]
[2023-10-13 11:02:54,174: INFO: main: ------------Stage Data Ingestion Completed---------------------]
[2023-10-13 11:02:54,174: INFO: main: >>>>>>>>>>>>>>>>Stage Data Validation Started <<<<<<<<<<<<<<]
[2023-10-13 11:02:54,175: INFO: common: yaml file: config\config.yaml loaded successfully]
[2023-10-13 11:02:54,176: INFO: common: yaml file: params.yaml loaded successfully]
[2023-10-13 11:02:54,177: INFO: common: yaml file: schema.yaml loaded successfully]
[2023-10-13 11:02:54,177: INFO: common: created directory at: artifacts]
[2023-10-13 11:02:54,177: INFO: common: created directory at: artifacts/data_validation]
[2023-10-13 11:02:54,197: INFO: main: >>>>>>>>>>>>>>>>>Stage Data Validation Completed<<<<<<<<<<<]
[2023-10-13 11:08:18,664: INFO: main: We are printing the logs here!!!]
[2023-10-13 11:08:18,664: INFO: main: -----------Stage Data Ingestion Started------------]
[2023-10-13 11:08:18,666: INFO: common: yaml file: config\config.yaml loaded successfully]
[2023-10-13 11:08:18,666: INFO: common: yaml file: params.yaml loaded successfully]
[2023-10-13 11:08:18,667: INFO: common: yaml file: schema.yaml loaded successfully]
[2023-10-13 11:08:18,667: INFO: common: created directory at: artifacts]
[2023-10-13 11:08:18,667: INFO: common: created directory at: artifacts/data_ingestion]
[2023-10-13 11:08:18,668: INFO: common: calling DB configuration]
[2023-10-13 11:08:18,668: INFO: common: Reading data from Mongo DB]
[2023-10-13 11:08:18,979: INFO: common: Error occurs =========== 'creation_time']
[2023-10-13 11:08:18,980: INFO: data_ingestion: Reading Completed from MongoDB]
[2023-10-13 11:08:18,980: INFO: data_ingestion: Writing data in Parquet file]
[2023-10-13 11:08:18,980: INFO: main: ------------Stage Data Ingestion Completed---------------------]
[2023-10-13 11:08:18,980: INFO: main: >>>>>>>>>>>>>>>>Stage Data Validation Started <<<<<<<<<<<<<<]
[2023-10-13 11:08:18,984: INFO: common: yaml file: config\config.yaml loaded successfully]
[2023-10-13 11:08:18,985: INFO: common: yaml file: params.yaml loaded successfully]
[2023-10-13 11:08:18,987: INFO: common: yaml file: schema.yaml loaded successfully]
[2023-10-13 11:08:18,988: INFO: common: created directory at: artifacts]
[2023-10-13 11:08:18,988: INFO: common: created directory at: artifacts/data_validation]
[2023-10-13 11:08:19,010: INFO: main: >>>>>>>>>>>>>>>>>Stage Data Validation Completed<<<<<<<<<<<]
[2023-10-13 11:08:21,444: INFO: main: We are printing the logs here!!!]
[2023-10-13 11:08:21,444: INFO: main: -----------Stage Data Ingestion Started------------]
[2023-10-13 11:08:21,445: INFO: common: yaml file: config\config.yaml loaded successfully]
[2023-10-13 11:08:21,446: INFO: common: yaml file: params.yaml loaded successfully]
[2023-10-13 11:08:21,448: INFO: common: yaml file: schema.yaml loaded successfully]
[2023-10-13 11:08:21,448: INFO: common: created directory at: artifacts]
[2023-10-13 11:08:21,448: INFO: common: created directory at: artifacts/data_ingestion]
[2023-10-13 11:08:21,450: INFO: common: calling DB configuration]
[2023-10-13 11:08:21,450: INFO: common: Reading data from Mongo DB]
[2023-10-13 11:08:21,682: INFO: common: Error occurs =========== 'creation_time']
[2023-10-13 11:08:21,683: INFO: data_ingestion: Reading Completed from MongoDB]
[2023-10-13 11:08:21,683: INFO: data_ingestion: Writing data in Parquet file]
[2023-10-13 11:08:21,683: INFO: main: ------------Stage Data Ingestion Completed---------------------]
[2023-10-13 11:08:21,683: INFO: main: >>>>>>>>>>>>>>>>Stage Data Validation Started <<<<<<<<<<<<<<]
[2023-10-13 11:08:21,685: INFO: common: yaml file: config\config.yaml loaded successfully]
[2023-10-13 11:08:21,686: INFO: common: yaml file: params.yaml loaded successfully]
[2023-10-13 11:08:21,687: INFO: common: yaml file: schema.yaml loaded successfully]
[2023-10-13 11:08:21,687: INFO: common: created directory at: artifacts]
[2023-10-13 11:08:21,687: INFO: common: created directory at: artifacts/data_validation]
[2023-10-13 11:08:21,698: INFO: main: >>>>>>>>>>>>>>>>>Stage Data Validation Completed<<<<<<<<<<<]
[2023-10-13 11:13:18,766: INFO: main: We are printing the logs here!!!]
[2023-10-13 11:13:18,766: INFO: main: -----------Stage Data Ingestion Started------------]
[2023-10-13 11:13:18,767: INFO: common: yaml file: config\config.yaml loaded successfully]
[2023-10-13 11:13:18,768: INFO: common: yaml file: params.yaml loaded successfully]
[2023-10-13 11:13:18,769: INFO: common: yaml file: schema.yaml loaded successfully]
[2023-10-13 11:13:18,769: INFO: common: created directory at: artifacts]
[2023-10-13 11:13:18,769: INFO: common: created directory at: artifacts/data_ingestion]
[2023-10-13 11:13:18,770: INFO: common: calling DB configuration]
[2023-10-13 11:13:18,770: INFO: common: Reading data from Mongo DB]
[2023-10-13 11:13:19,023: INFO: common: Error occurs =========== 'creation_time']
[2023-10-13 11:13:19,023: INFO: data_ingestion: Reading Completed from MongoDB]
[2023-10-13 11:13:19,023: INFO: data_ingestion: Writing data in Parquet file]
[2023-10-13 11:13:19,024: INFO: main: ------------Stage Data Ingestion Completed---------------------]
[2023-10-13 11:13:19,024: INFO: main: >>>>>>>>>>>>>>>>Stage Data Validation Started <<<<<<<<<<<<<<]
[2023-10-13 11:13:19,027: INFO: common: yaml file: config\config.yaml loaded successfully]
[2023-10-13 11:13:19,028: INFO: common: yaml file: params.yaml loaded successfully]
[2023-10-13 11:13:19,030: INFO: common: yaml file: schema.yaml loaded successfully]
[2023-10-13 11:13:19,030: INFO: common: created directory at: artifacts]
[2023-10-13 11:13:19,031: INFO: common: created directory at: artifacts/data_validation]
[2023-10-13 11:13:19,043: INFO: main: >>>>>>>>>>>>>>>>>Stage Data Validation Completed<<<<<<<<<<<]
[2023-10-13 11:14:34,928: INFO: main: We are printing the logs here!!!]
[2023-10-13 11:14:34,928: INFO: main: -----------Stage Data Ingestion Started------------]
[2023-10-13 11:14:34,930: INFO: common: yaml file: config\config.yaml loaded successfully]
[2023-10-13 11:14:34,930: INFO: common: yaml file: params.yaml loaded successfully]
[2023-10-13 11:14:34,931: INFO: common: yaml file: schema.yaml loaded successfully]
[2023-10-13 11:14:34,931: INFO: common: created directory at: artifacts]
[2023-10-13 11:14:34,932: INFO: common: created directory at: artifacts/data_ingestion]
[2023-10-13 11:14:34,933: INFO: common: calling DB configuration]
[2023-10-13 11:14:34,933: INFO: common: Reading data from Mongo DB]
[2023-10-13 11:14:35,223: INFO: common: Error occurs =========== 'creation_time']
[2023-10-13 11:14:35,223: INFO: data_ingestion: Reading Completed from MongoDB]
[2023-10-13 11:14:35,224: INFO: data_ingestion: Writing data in Parquet file]
[2023-10-13 11:14:35,224: INFO: main: ------------Stage Data Ingestion Completed---------------------]
[2023-10-13 11:14:35,224: INFO: main: >>>>>>>>>>>>>>>>Stage Data Validation Started <<<<<<<<<<<<<<]
[2023-10-13 11:14:35,228: INFO: common: yaml file: config\config.yaml loaded successfully]
[2023-10-13 11:14:35,230: INFO: common: yaml file: params.yaml loaded successfully]
[2023-10-13 11:14:35,231: INFO: common: yaml file: schema.yaml loaded successfully]
[2023-10-13 11:14:35,232: INFO: common: created directory at: artifacts]
[2023-10-13 11:14:35,232: INFO: common: created directory at: artifacts/data_validation]
[2023-10-13 11:14:35,246: INFO: main: >>>>>>>>>>>>>>>>>Stage Data Validation Completed<<<<<<<<<<<]
[2023-10-13 11:14:50,025: INFO: main: We are printing the logs here!!!]
[2023-10-13 11:14:50,025: INFO: main: -----------Stage Data Ingestion Started------------]
[2023-10-13 11:14:50,026: INFO: common: yaml file: config\config.yaml loaded successfully]
[2023-10-13 11:14:50,027: INFO: common: yaml file: params.yaml loaded successfully]
[2023-10-13 11:14:50,027: INFO: common: yaml file: schema.yaml loaded successfully]
[2023-10-13 11:14:50,028: INFO: common: created directory at: artifacts]
[2023-10-13 11:14:50,028: INFO: common: created directory at: artifacts/data_ingestion]
[2023-10-13 11:14:50,029: INFO: common: calling DB configuration]
[2023-10-13 11:14:50,029: INFO: common: Reading data from Mongo DB]
[2023-10-13 11:14:50,197: INFO: common: Error occurs =========== 'creation_time']
[2023-10-13 11:14:50,197: INFO: data_ingestion: Reading Completed from MongoDB]
[2023-10-13 11:14:50,198: INFO: data_ingestion: Writing data in Parquet file]
[2023-10-13 11:14:50,198: INFO: main: ------------Stage Data Ingestion Completed---------------------]
[2023-10-13 11:14:50,198: INFO: main: >>>>>>>>>>>>>>>>Stage Data Validation Started <<<<<<<<<<<<<<]
[2023-10-13 11:14:50,203: INFO: common: yaml file: config\config.yaml loaded successfully]
[2023-10-13 11:14:50,204: INFO: common: yaml file: params.yaml loaded successfully]
[2023-10-13 11:14:50,206: INFO: common: yaml file: schema.yaml loaded successfully]
[2023-10-13 11:14:50,207: INFO: common: created directory at: artifacts]
[2023-10-13 11:14:50,207: INFO: common: created directory at: artifacts/data_validation]
[2023-10-13 11:14:50,221: INFO: main: >>>>>>>>>>>>>>>>>Stage Data Validation Completed<<<<<<<<<<<]
[2023-10-13 11:15:03,927: INFO: main: We are printing the logs here!!!]
[2023-10-13 11:15:03,927: INFO: main: -----------Stage Data Ingestion Started------------]
[2023-10-13 11:15:03,930: INFO: common: yaml file: config\config.yaml loaded successfully]
[2023-10-13 11:15:03,930: INFO: common: yaml file: params.yaml loaded successfully]
[2023-10-13 11:15:03,931: INFO: common: yaml file: schema.yaml loaded successfully]
[2023-10-13 11:15:03,931: INFO: common: created directory at: artifacts]
[2023-10-13 11:15:03,931: INFO: common: created directory at: artifacts/data_ingestion]
[2023-10-13 11:15:03,932: INFO: common: calling DB configuration]
[2023-10-13 11:15:03,932: INFO: common: Reading data from Mongo DB]
[2023-10-13 11:15:04,345: INFO: common: Error occurs =========== 'creation_time']
[2023-10-13 11:15:04,345: INFO: data_ingestion: Reading Completed from MongoDB]
[2023-10-13 11:15:04,345: INFO: data_ingestion: Writing data in Parquet file]
[2023-10-13 11:15:04,345: INFO: main: ------------Stage Data Ingestion Completed---------------------]
[2023-10-13 11:15:04,345: INFO: main: >>>>>>>>>>>>>>>>Stage Data Validation Started <<<<<<<<<<<<<<]
[2023-10-13 11:15:04,347: INFO: common: yaml file: config\config.yaml loaded successfully]
[2023-10-13 11:15:04,347: INFO: common: yaml file: params.yaml loaded successfully]
[2023-10-13 11:15:04,348: INFO: common: yaml file: schema.yaml loaded successfully]
[2023-10-13 11:15:04,348: INFO: common: created directory at: artifacts]
[2023-10-13 11:15:04,348: INFO: common: created directory at: artifacts/data_validation]
[2023-10-13 11:15:04,364: INFO: main: >>>>>>>>>>>>>>>>>Stage Data Validation Completed<<<<<<<<<<<]
[2023-10-13 11:15:40,985: INFO: main: We are printing the logs here!!!]
[2023-10-13 11:15:40,985: INFO: main: -----------Stage Data Ingestion Started------------]
[2023-10-13 11:15:40,987: INFO: common: yaml file: config\config.yaml loaded successfully]
[2023-10-13 11:15:40,988: INFO: common: yaml file: params.yaml loaded successfully]
[2023-10-13 11:15:40,988: INFO: common: yaml file: schema.yaml loaded successfully]
[2023-10-13 11:15:40,989: INFO: common: created directory at: artifacts]
[2023-10-13 11:15:40,989: INFO: common: created directory at: artifacts/data_ingestion]
[2023-10-13 11:15:40,990: INFO: common: calling DB configuration]
[2023-10-13 11:15:40,990: INFO: common: Reading data from Mongo DB]
[2023-10-13 11:15:41,216: INFO: common: Error occurs =========== 'creation_time']
[2023-10-13 11:15:41,216: INFO: data_ingestion: Reading Completed from MongoDB]
[2023-10-13 11:15:41,217: INFO: data_ingestion: Writing data in Parquet file]
[2023-10-13 11:15:41,217: INFO: main: ------------Stage Data Ingestion Completed---------------------]
[2023-10-13 11:15:41,217: INFO: main: >>>>>>>>>>>>>>>>Stage Data Validation Started <<<<<<<<<<<<<<]
[2023-10-13 11:15:41,219: INFO: common: yaml file: config\config.yaml loaded successfully]
[2023-10-13 11:15:41,220: INFO: common: yaml file: params.yaml loaded successfully]
[2023-10-13 11:15:41,221: INFO: common: yaml file: schema.yaml loaded successfully]
[2023-10-13 11:15:41,222: INFO: common: created directory at: artifacts]
[2023-10-13 11:15:41,222: INFO: common: created directory at: artifacts/data_validation]
[2023-10-13 11:15:41,236: INFO: main: >>>>>>>>>>>>>>>>>Stage Data Validation Completed<<<<<<<<<<<]
[2023-10-13 11:15:52,319: INFO: main: We are printing the logs here!!!]
[2023-10-13 11:15:52,320: INFO: main: -----------Stage Data Ingestion Started------------]
[2023-10-13 11:15:52,321: INFO: common: yaml file: config\config.yaml loaded successfully]
[2023-10-13 11:15:52,322: INFO: common: yaml file: params.yaml loaded successfully]
[2023-10-13 11:15:52,322: INFO: common: yaml file: schema.yaml loaded successfully]
[2023-10-13 11:15:52,322: INFO: common: created directory at: artifacts]
[2023-10-13 11:15:52,323: INFO: common: created directory at: artifacts/data_ingestion]
[2023-10-13 11:15:52,323: INFO: common: calling DB configuration]
[2023-10-13 11:15:52,324: INFO: common: Reading data from Mongo DB]
[2023-10-13 11:15:52,616: INFO: common: Error occurs =========== 'creation_time1']
[2023-10-13 11:15:52,616: INFO: data_ingestion: Reading Completed from MongoDB]
[2023-10-13 11:15:52,616: INFO: data_ingestion: Writing data in Parquet file]
[2023-10-13 11:15:52,617: INFO: main: ------------Stage Data Ingestion Completed---------------------]
[2023-10-13 11:15:52,617: INFO: main: >>>>>>>>>>>>>>>>Stage Data Validation Started <<<<<<<<<<<<<<]
[2023-10-13 11:15:52,620: INFO: common: yaml file: config\config.yaml loaded successfully]
[2023-10-13 11:15:52,621: INFO: common: yaml file: params.yaml loaded successfully]
[2023-10-13 11:15:52,623: INFO: common: yaml file: schema.yaml loaded successfully]
[2023-10-13 11:15:52,624: INFO: common: created directory at: artifacts]
[2023-10-13 11:15:52,624: INFO: common: created directory at: artifacts/data_validation]
[2023-10-13 11:15:52,639: INFO: main: >>>>>>>>>>>>>>>>>Stage Data Validation Completed<<<<<<<<<<<]
[2023-10-13 11:16:18,540: INFO: main: We are printing the logs here!!!]
[2023-10-13 11:16:18,540: INFO: main: -----------Stage Data Ingestion Started------------]
[2023-10-13 11:16:18,541: INFO: common: yaml file: config\config.yaml loaded successfully]
[2023-10-13 11:16:18,542: INFO: common: yaml file: params.yaml loaded successfully]
[2023-10-13 11:16:18,543: INFO: common: yaml file: schema.yaml loaded successfully]
[2023-10-13 11:16:18,543: INFO: common: created directory at: artifacts]
[2023-10-13 11:16:18,543: INFO: common: created directory at: artifacts/data_ingestion]
[2023-10-13 11:16:18,545: INFO: common: calling DB configuration]
[2023-10-13 11:16:18,545: INFO: common: Reading data from Mongo DB]
[2023-10-13 11:16:18,761: INFO: common: Error occurs =========== 'grid_reading_kwh']
[2023-10-13 11:16:18,761: INFO: data_ingestion: Reading Completed from MongoDB]
[2023-10-13 11:16:18,761: INFO: data_ingestion: Writing data in Parquet file]
[2023-10-13 11:16:18,761: INFO: main: ------------Stage Data Ingestion Completed---------------------]
[2023-10-13 11:16:18,762: INFO: main: >>>>>>>>>>>>>>>>Stage Data Validation Started <<<<<<<<<<<<<<]
[2023-10-13 11:16:18,763: INFO: common: yaml file: config\config.yaml loaded successfully]
[2023-10-13 11:16:18,764: INFO: common: yaml file: params.yaml loaded successfully]
[2023-10-13 11:16:18,765: INFO: common: yaml file: schema.yaml loaded successfully]
[2023-10-13 11:16:18,765: INFO: common: created directory at: artifacts]
[2023-10-13 11:16:18,766: INFO: common: created directory at: artifacts/data_validation]
[2023-10-13 11:16:18,782: INFO: main: >>>>>>>>>>>>>>>>>Stage Data Validation Completed<<<<<<<<<<<]
[2023-10-13 11:17:00,911: INFO: main: We are printing the logs here!!!]
[2023-10-13 11:17:00,912: INFO: main: -----------Stage Data Ingestion Started------------]
[2023-10-13 11:17:00,913: INFO: common: yaml file: config\config.yaml loaded successfully]
[2023-10-13 11:17:00,914: INFO: common: yaml file: params.yaml loaded successfully]
[2023-10-13 11:17:00,914: INFO: common: yaml file: schema.yaml loaded successfully]
[2023-10-13 11:17:00,914: INFO: common: created directory at: artifacts]
[2023-10-13 11:17:00,915: INFO: common: created directory at: artifacts/data_ingestion]
[2023-10-13 11:17:00,915: INFO: common: calling DB configuration]
[2023-10-13 11:17:00,915: INFO: common: Reading data from Mongo DB]
[2023-10-13 11:17:00,918: INFO: data_ingestion: Reading Completed from MongoDB]
[2023-10-13 11:17:00,918: INFO: data_ingestion: Writing data in Parquet file]
[2023-10-13 11:17:00,918: INFO: main: ------------Stage Data Ingestion Completed---------------------]
[2023-10-13 11:17:00,918: INFO: main: >>>>>>>>>>>>>>>>Stage Data Validation Started <<<<<<<<<<<<<<]
[2023-10-13 11:17:00,920: INFO: common: yaml file: config\config.yaml loaded successfully]
[2023-10-13 11:17:00,920: INFO: common: yaml file: params.yaml loaded successfully]
[2023-10-13 11:17:00,921: INFO: common: yaml file: schema.yaml loaded successfully]
[2023-10-13 11:17:00,921: INFO: common: created directory at: artifacts]
[2023-10-13 11:17:00,921: INFO: common: created directory at: artifacts/data_validation]
[2023-10-13 11:17:00,934: INFO: main: >>>>>>>>>>>>>>>>>Stage Data Validation Completed<<<<<<<<<<<]
[2023-10-13 11:17:43,333: INFO: main: We are printing the logs here!!!]
[2023-10-13 11:17:43,333: INFO: main: -----------Stage Data Ingestion Started------------]
[2023-10-13 11:17:43,335: INFO: common: yaml file: config\config.yaml loaded successfully]
[2023-10-13 11:17:43,335: INFO: common: yaml file: params.yaml loaded successfully]
[2023-10-13 11:17:43,336: INFO: common: yaml file: schema.yaml loaded successfully]
[2023-10-13 11:17:43,336: INFO: common: created directory at: artifacts]
[2023-10-13 11:17:43,336: INFO: common: created directory at: artifacts/data_ingestion]
[2023-10-13 11:17:43,337: INFO: common: calling DB configuration]
[2023-10-13 11:17:43,337: INFO: common: Reading data from Mongo DB]
[2023-10-13 11:17:43,638: INFO: common: Error occurs =========== 'creation_time']
[2023-10-13 11:17:43,638: INFO: data_ingestion: Reading Completed from MongoDB]
[2023-10-13 11:17:43,638: INFO: data_ingestion: Writing data in Parquet file]
[2023-10-13 11:17:43,638: INFO: main: ------------Stage Data Ingestion Completed---------------------]
[2023-10-13 11:17:43,638: INFO: main: >>>>>>>>>>>>>>>>Stage Data Validation Started <<<<<<<<<<<<<<]
[2023-10-13 11:17:43,641: INFO: common: yaml file: config\config.yaml loaded successfully]
[2023-10-13 11:17:43,641: INFO: common: yaml file: params.yaml loaded successfully]
[2023-10-13 11:17:43,642: INFO: common: yaml file: schema.yaml loaded successfully]
[2023-10-13 11:17:43,642: INFO: common: created directory at: artifacts]
[2023-10-13 11:17:43,643: INFO: common: created directory at: artifacts/data_validation]
[2023-10-13 11:17:43,661: INFO: main: >>>>>>>>>>>>>>>>>Stage Data Validation Completed<<<<<<<<<<<]
[2023-10-13 11:19:54,947: INFO: common: yaml file: config\config.yaml loaded successfully]
[2023-10-13 11:19:54,950: INFO: common: yaml file: params.yaml loaded successfully]
[2023-10-13 11:19:54,953: INFO: common: yaml file: schema.yaml loaded successfully]
[2023-10-13 11:19:54,955: INFO: common: created directory at: artifacts]
[2023-10-13 11:19:54,956: INFO: common: created directory at: artifacts/data_ingestion]
[2023-10-13 11:19:54,960: INFO: common: calling DB configuration]
[2023-10-13 11:19:54,961: INFO: common: Reading data from Mongo DB]
[2023-10-13 11:19:55,304: INFO: common: Error occurs =========== 'creation_time']
[2023-10-13 11:19:55,307: INFO: 21609390: Reading Completed from MongoDB]
[2023-10-13 11:19:55,308: INFO: 21609390: Writing data in Parquet file]
[2023-10-13 11:20:02,183: INFO: common: yaml file: config\config.yaml loaded successfully]
[2023-10-13 11:20:02,185: INFO: common: yaml file: params.yaml loaded successfully]
[2023-10-13 11:20:02,189: INFO: common: yaml file: schema.yaml loaded successfully]
[2023-10-13 11:20:02,191: INFO: common: created directory at: artifacts]
[2023-10-13 11:20:02,193: INFO: common: created directory at: artifacts/data_ingestion]
[2023-10-13 11:20:02,196: INFO: common: calling DB configuration]
[2023-10-13 11:20:02,198: INFO: common: Reading data from Mongo DB]
[2023-10-13 11:20:02,352: INFO: common: Error occurs =========== 'creation_time']
[2023-10-13 11:20:02,355: INFO: 21609390: Reading Completed from MongoDB]
[2023-10-13 11:20:02,356: INFO: 21609390: Writing data in Parquet file]
[2023-10-13 11:20:09,185: INFO: common: yaml file: config\config.yaml loaded successfully]
[2023-10-13 11:20:09,189: INFO: common: yaml file: params.yaml loaded successfully]
[2023-10-13 11:20:09,192: INFO: common: yaml file: schema.yaml loaded successfully]
[2023-10-13 11:20:09,194: INFO: common: created directory at: artifacts]
[2023-10-13 11:20:09,195: INFO: common: created directory at: artifacts/data_ingestion]
[2023-10-13 11:20:09,197: INFO: common: calling DB configuration]
[2023-10-13 11:20:09,198: INFO: common: Reading data from Mongo DB]
[2023-10-13 11:20:09,407: INFO: common: Error occurs =========== 'creation_time']
[2023-10-13 11:20:09,409: INFO: 21609390: Reading Completed from MongoDB]
[2023-10-13 11:20:09,410: INFO: 21609390: Writing data in Parquet file]
[2023-10-13 11:20:58,541: INFO: common: yaml file: config\config.yaml loaded successfully]
[2023-10-13 11:20:58,543: INFO: common: yaml file: params.yaml loaded successfully]
[2023-10-13 11:20:58,548: INFO: common: yaml file: schema.yaml loaded successfully]
[2023-10-13 11:20:58,551: INFO: common: created directory at: artifacts]
[2023-10-13 11:20:58,553: INFO: common: created directory at: artifacts/data_ingestion]
[2023-10-13 11:20:58,555: INFO: common: calling DB configuration]
[2023-10-13 11:20:58,556: INFO: common: Reading data from Mongo DB]
[2023-10-13 11:20:58,729: INFO: common: Error occurs =========== 'creation_time']
[2023-10-13 11:20:58,730: INFO: 21609390: Reading Completed from MongoDB]
[2023-10-13 11:20:58,732: INFO: 21609390: Writing data in Parquet file]
[2023-10-13 11:21:36,566: INFO: main: We are printing the logs here!!!]
[2023-10-13 11:21:36,567: INFO: main: -----------Stage Data Ingestion Started------------]
[2023-10-13 11:21:36,568: INFO: common: yaml file: config\config.yaml loaded successfully]
[2023-10-13 11:21:36,569: INFO: common: yaml file: params.yaml loaded successfully]
[2023-10-13 11:21:36,570: INFO: common: yaml file: schema.yaml loaded successfully]
[2023-10-13 11:21:36,570: INFO: common: created directory at: artifacts]
[2023-10-13 11:21:36,570: INFO: common: created directory at: artifacts/data_ingestion]
[2023-10-13 11:21:36,571: INFO: common: calling DB configuration]
[2023-10-13 11:21:36,571: INFO: common: Reading data from Mongo DB]
[2023-10-13 11:21:36,780: INFO: common: Error occurs =========== 'creation_time']
[2023-10-13 11:21:36,780: INFO: data_ingestion: Reading Completed from MongoDB]
[2023-10-13 11:21:36,780: INFO: data_ingestion: Writing data in Parquet file]
[2023-10-13 11:21:36,780: INFO: main: ------------Stage Data Ingestion Completed---------------------]
[2023-10-13 11:21:36,780: INFO: main: >>>>>>>>>>>>>>>>Stage Data Validation Started <<<<<<<<<<<<<<]
[2023-10-13 11:21:36,782: INFO: common: yaml file: config\config.yaml loaded successfully]
[2023-10-13 11:21:36,782: INFO: common: yaml file: params.yaml loaded successfully]
[2023-10-13 11:21:36,783: INFO: common: yaml file: schema.yaml loaded successfully]
[2023-10-13 11:21:36,783: INFO: common: created directory at: artifacts]
[2023-10-13 11:21:36,783: INFO: common: created directory at: artifacts/data_validation]
[2023-10-13 11:21:36,796: INFO: main: >>>>>>>>>>>>>>>>>Stage Data Validation Completed<<<<<<<<<<<]
[2023-10-13 11:24:09,942: INFO: main: We are printing the logs here!!!]
[2023-10-13 11:24:09,942: INFO: main: -----------Stage Data Ingestion Started------------]
[2023-10-13 11:24:09,944: INFO: common: yaml file: config\config.yaml loaded successfully]
[2023-10-13 11:24:09,944: INFO: common: yaml file: params.yaml loaded successfully]
[2023-10-13 11:24:09,945: INFO: common: yaml file: schema.yaml loaded successfully]
[2023-10-13 11:24:09,945: INFO: common: created directory at: artifacts]
[2023-10-13 11:24:09,946: INFO: common: created directory at: artifacts/data_ingestion]
[2023-10-13 11:24:09,946: INFO: common: calling DB configuration]
[2023-10-13 11:24:09,946: INFO: common: Reading data from Mongo DB]
[2023-10-13 11:25:13,534: INFO: main: We are printing the logs here!!!]
[2023-10-13 11:25:13,534: INFO: main: -----------Stage Data Ingestion Started------------]
[2023-10-13 11:25:13,539: INFO: common: yaml file: config\config.yaml loaded successfully]
[2023-10-13 11:25:13,540: INFO: common: yaml file: params.yaml loaded successfully]
[2023-10-13 11:25:13,541: INFO: common: yaml file: schema.yaml loaded successfully]
[2023-10-13 11:25:13,541: INFO: common: created directory at: artifacts]
[2023-10-13 11:25:13,541: INFO: common: created directory at: artifacts/data_ingestion]
[2023-10-13 11:25:13,542: INFO: common: calling DB configuration]
[2023-10-13 11:25:13,542: INFO: common: Reading data from Mongo DB]
[2023-10-13 11:25:13,811: INFO: data_ingestion: Reading Completed from MongoDB]
[2023-10-13 11:25:13,811: INFO: data_ingestion: Writing data in Parquet file]
[2023-10-13 11:25:14,280: INFO: main: ------------Stage Data Ingestion Completed---------------------]
[2023-10-13 11:25:14,280: INFO: main: >>>>>>>>>>>>>>>>Stage Data Validation Started <<<<<<<<<<<<<<]
[2023-10-13 11:25:14,282: INFO: common: yaml file: config\config.yaml loaded successfully]
[2023-10-13 11:25:14,283: INFO: common: yaml file: params.yaml loaded successfully]
[2023-10-13 11:25:14,284: INFO: common: yaml file: schema.yaml loaded successfully]
[2023-10-13 11:25:14,284: INFO: common: created directory at: artifacts]
[2023-10-13 11:25:14,284: INFO: common: created directory at: artifacts/data_validation]
[2023-10-13 11:25:14,523: INFO: main: >>>>>>>>>>>>>>>>>Stage Data Validation Completed<<<<<<<<<<<]
[2023-10-13 11:26:55,562: INFO: main: We are printing the logs here!!!]
[2023-10-13 11:26:55,562: INFO: main: -----------Stage Data Ingestion Started------------]
[2023-10-13 11:26:55,563: INFO: common: yaml file: config\config.yaml loaded successfully]
[2023-10-13 11:26:55,564: INFO: common: yaml file: params.yaml loaded successfully]
[2023-10-13 11:26:55,565: INFO: common: yaml file: schema.yaml loaded successfully]
[2023-10-13 11:26:55,565: INFO: common: created directory at: artifacts]
[2023-10-13 11:26:55,565: INFO: common: created directory at: artifacts/data_ingestion]
[2023-10-13 11:26:55,566: INFO: common: calling DB configuration]
[2023-10-13 11:26:55,566: INFO: common: Reading data from Mongo DB]
[2023-10-13 11:26:55,851: INFO: data_ingestion: Reading Completed from MongoDB]
[2023-10-13 11:26:55,851: INFO: data_ingestion: Writing data in Parquet file]
[2023-10-13 11:26:56,011: INFO: main: ------------Stage Data Ingestion Completed---------------------]
[2023-10-13 11:26:56,012: INFO: main: >>>>>>>>>>>>>>>>Stage Data Validation Started <<<<<<<<<<<<<<]
[2023-10-13 11:26:56,013: INFO: common: yaml file: config\config.yaml loaded successfully]
[2023-10-13 11:26:56,013: INFO: common: yaml file: params.yaml loaded successfully]
[2023-10-13 11:26:56,014: INFO: common: yaml file: schema.yaml loaded successfully]
[2023-10-13 11:26:56,014: INFO: common: created directory at: artifacts]
[2023-10-13 11:26:56,014: INFO: common: created directory at: artifacts/data_validation]
[2023-10-13 11:26:56,055: INFO: main: >>>>>>>>>>>>>>>>>Stage Data Validation Completed<<<<<<<<<<<]
[2023-10-13 11:27:11,696: INFO: main: We are printing the logs here!!!]
[2023-10-13 11:27:11,696: INFO: main: -----------Stage Data Ingestion Started------------]
[2023-10-13 11:27:11,697: INFO: common: yaml file: config\config.yaml loaded successfully]
[2023-10-13 11:27:11,698: INFO: common: yaml file: params.yaml loaded successfully]
[2023-10-13 11:27:11,699: INFO: common: yaml file: schema.yaml loaded successfully]
[2023-10-13 11:27:11,699: INFO: common: created directory at: artifacts]
[2023-10-13 11:27:11,699: INFO: common: created directory at: artifacts/data_ingestion]
[2023-10-13 11:27:11,701: INFO: common: calling DB configuration]
[2023-10-13 11:27:11,701: INFO: common: Reading data from Mongo DB]
[2023-10-13 11:27:11,892: INFO: data_ingestion: Reading Completed from MongoDB]
[2023-10-13 11:27:11,892: INFO: data_ingestion: Writing data in Parquet file]
[2023-10-13 11:27:12,057: INFO: main: ------------Stage Data Ingestion Completed---------------------]
[2023-10-13 11:27:12,057: INFO: main: >>>>>>>>>>>>>>>>Stage Data Validation Started <<<<<<<<<<<<<<]
[2023-10-13 11:27:12,058: INFO: common: yaml file: config\config.yaml loaded successfully]
[2023-10-13 11:27:12,059: INFO: common: yaml file: params.yaml loaded successfully]
[2023-10-13 11:27:12,059: INFO: common: yaml file: schema.yaml loaded successfully]
[2023-10-13 11:27:12,060: INFO: common: created directory at: artifacts]
[2023-10-13 11:27:12,077: INFO: common: created directory at: artifacts/data_validation]
[2023-10-13 11:27:12,113: INFO: main: >>>>>>>>>>>>>>>>>Stage Data Validation Completed<<<<<<<<<<<]
[2023-10-13 12:00:50,843: INFO: main: We are printing the logs here!!!]
[2023-10-13 12:00:50,843: INFO: main: -----------Stage Data Ingestion Started------------]
[2023-10-13 12:00:50,844: INFO: common: yaml file: config\config.yaml loaded successfully]
[2023-10-13 12:00:50,845: INFO: common: yaml file: params.yaml loaded successfully]
[2023-10-13 12:00:50,846: INFO: common: yaml file: schema.yaml loaded successfully]
[2023-10-13 12:00:50,846: INFO: common: created directory at: artifacts]
[2023-10-13 12:00:50,846: INFO: common: created directory at: artifacts/data_ingestion]
[2023-10-13 12:00:50,847: INFO: common: calling DB configuration]
[2023-10-13 12:00:50,847: INFO: common: Reading data from Mongo DB]
[2023-10-13 12:01:12,644: INFO: data_ingestion: Reading Completed from MongoDB]
[2023-10-13 12:01:12,644: INFO: data_ingestion: Writing data in Parquet file]
[2023-10-13 12:01:12,785: INFO: main: ------------Stage Data Ingestion Completed---------------------]
[2023-10-13 12:01:12,785: INFO: main: >>>>>>>>>>>>>>>>Stage Data Validation Started <<<<<<<<<<<<<<]
[2023-10-13 12:01:12,787: INFO: common: yaml file: config\config.yaml loaded successfully]
[2023-10-13 12:01:12,788: INFO: common: yaml file: params.yaml loaded successfully]
[2023-10-13 12:01:12,789: INFO: common: yaml file: schema.yaml loaded successfully]
[2023-10-13 12:01:12,789: INFO: common: created directory at: artifacts]
[2023-10-13 12:01:12,789: INFO: common: created directory at: artifacts/data_validation]
[2023-10-13 12:01:12,841: INFO: main: >>>>>>>>>>>>>>>>>Stage Data Validation Completed<<<<<<<<<<<]
[2023-10-13 13:55:56,298: INFO: main: We are printing the logs here!!!]
[2023-10-13 13:55:56,298: INFO: main: -----------Stage Data Ingestion Started------------]
[2023-10-13 13:55:56,299: INFO: common: yaml file: config\config.yaml loaded successfully]
[2023-10-13 13:55:56,300: INFO: common: yaml file: params.yaml loaded successfully]
[2023-10-13 13:55:56,300: INFO: common: yaml file: schema.yaml loaded successfully]
[2023-10-13 13:55:56,301: INFO: common: created directory at: artifacts]
[2023-10-13 13:55:56,301: INFO: common: created directory at: artifacts/data_ingestion]
[2023-10-13 13:55:56,302: INFO: common: calling DB configuration]
[2023-10-13 13:55:56,302: INFO: common: Reading data from Mongo DB]
[2023-10-13 13:56:26,459: INFO: common: Error occurs =========== 13.127.57.185:27017: timed out, Timeout: 30s, Topology Description: <TopologyDescription id: 6528ff1428375ef1a8a6bc4a, topology_type: Unknown, servers: [<ServerDescription ('13.127.57.185', 27017) server_type: Unknown, rtt: None, error=NetworkTimeout('13.127.57.185:27017: timed out')>]>]
[2023-10-13 13:56:26,459: INFO: data_ingestion: Reading Completed from MongoDB]
[2023-10-13 13:56:26,459: INFO: data_ingestion: Writing data in Parquet file]
[2023-10-13 13:56:26,460: INFO: main: ------------Stage Data Ingestion Completed---------------------]
[2023-10-13 13:56:26,460: INFO: main: >>>>>>>>>>>>>>>>Stage Data Validation Started <<<<<<<<<<<<<<]
[2023-10-13 13:56:26,463: INFO: common: yaml file: config\config.yaml loaded successfully]
[2023-10-13 13:56:26,464: INFO: common: yaml file: params.yaml loaded successfully]
[2023-10-13 13:56:26,465: INFO: common: yaml file: schema.yaml loaded successfully]
[2023-10-13 13:56:26,465: INFO: common: created directory at: artifacts]
[2023-10-13 13:56:26,465: INFO: common: created directory at: artifacts/data_validation]
[2023-10-13 13:56:26,476: INFO: main: >>>>>>>>>>>>>>>>>Stage Data Validation Completed<<<<<<<<<<<]
[2023-10-13 13:59:37,980: INFO: main: We are printing the logs here!!!]
[2023-10-13 13:59:37,980: INFO: main: -----------Stage Data Ingestion Started------------]
[2023-10-13 13:59:37,981: INFO: common: yaml file: config\config.yaml loaded successfully]
[2023-10-13 13:59:37,981: INFO: common: yaml file: params.yaml loaded successfully]
[2023-10-13 13:59:37,982: INFO: common: yaml file: schema.yaml loaded successfully]
[2023-10-13 13:59:37,982: INFO: common: created directory at: artifacts]
[2023-10-13 13:59:37,982: INFO: common: created directory at: artifacts/data_ingestion]
[2023-10-13 13:59:37,983: INFO: common: calling DB configuration]
[2023-10-13 13:59:37,983: INFO: common: Reading data from Mongo DB]
[2023-10-13 14:00:08,197: INFO: common: Error occurs =========== 13.127.57.185:27017: timed out, Timeout: 30s, Topology Description: <TopologyDescription id: 6528fff189ba35406f0f349d, topology_type: Unknown, servers: [<ServerDescription ('13.127.57.185', 27017) server_type: Unknown, rtt: None, error=NetworkTimeout('13.127.57.185:27017: timed out')>]>]
[2023-10-13 14:00:08,198: INFO: data_ingestion: Reading Completed from MongoDB]
[2023-10-13 14:00:08,198: INFO: data_ingestion: Writing data in Parquet file]
[2023-10-13 14:00:08,198: INFO: main: ------------Stage Data Ingestion Completed---------------------]
[2023-10-13 14:00:08,198: INFO: main: >>>>>>>>>>>>>>>>Stage Data Validation Started <<<<<<<<<<<<<<]
[2023-10-13 14:00:08,201: INFO: common: yaml file: config\config.yaml loaded successfully]
[2023-10-13 14:00:08,202: INFO: common: yaml file: params.yaml loaded successfully]
[2023-10-13 14:00:08,203: INFO: common: yaml file: schema.yaml loaded successfully]
[2023-10-13 14:00:08,203: INFO: common: created directory at: artifacts]
[2023-10-13 14:00:08,203: INFO: common: created directory at: artifacts/data_validation]
[2023-10-13 14:00:08,213: INFO: main: >>>>>>>>>>>>>>>>>Stage Data Validation Completed<<<<<<<<<<<]
[2023-10-13 14:00:12,429: INFO: main: We are printing the logs here!!!]
[2023-10-13 14:00:12,429: INFO: main: -----------Stage Data Ingestion Started------------]
[2023-10-13 14:00:12,430: INFO: common: yaml file: config\config.yaml loaded successfully]
[2023-10-13 14:00:12,430: INFO: common: yaml file: params.yaml loaded successfully]
[2023-10-13 14:00:12,431: INFO: common: yaml file: schema.yaml loaded successfully]
[2023-10-13 14:00:12,431: INFO: common: created directory at: artifacts]
[2023-10-13 14:00:12,431: INFO: common: created directory at: artifacts/data_ingestion]
[2023-10-13 14:00:12,432: INFO: common: calling DB configuration]
[2023-10-13 14:00:12,432: INFO: common: Reading data from Mongo DB]
[2023-10-13 14:00:23,642: INFO: main: We are printing the logs here!!!]
[2023-10-13 14:00:23,642: INFO: main: -----------Stage Data Ingestion Started------------]
[2023-10-13 14:00:23,643: INFO: common: yaml file: config\config.yaml loaded successfully]
[2023-10-13 14:00:23,644: INFO: common: yaml file: params.yaml loaded successfully]
[2023-10-13 14:00:23,644: INFO: common: yaml file: schema.yaml loaded successfully]
[2023-10-13 14:00:23,644: INFO: common: created directory at: artifacts]
[2023-10-13 14:00:23,644: INFO: common: created directory at: artifacts/data_ingestion]
[2023-10-13 14:00:23,645: INFO: common: calling DB configuration]
[2023-10-13 14:00:23,645: INFO: common: Reading data from Mongo DB]
[2023-10-13 14:00:53,876: INFO: common: Error occurs =========== 13.127.57.185:27017: timed out, Timeout: 30s, Topology Description: <TopologyDescription id: 6529001fca8fa865bf414a34, topology_type: Unknown, servers: [<ServerDescription ('13.127.57.185', 27017) server_type: Unknown, rtt: None, error=NetworkTimeout('13.127.57.185:27017: timed out')>]>]
[2023-10-13 14:00:53,876: INFO: data_ingestion: Reading Completed from MongoDB]
[2023-10-13 14:00:53,877: INFO: data_ingestion: Writing data in Parquet file]
[2023-10-13 14:00:53,877: INFO: main: ------------Stage Data Ingestion Completed---------------------]
[2023-10-13 14:00:53,877: INFO: main: >>>>>>>>>>>>>>>>Stage Data Validation Started <<<<<<<<<<<<<<]
[2023-10-13 14:00:53,880: INFO: common: yaml file: config\config.yaml loaded successfully]
[2023-10-13 14:00:53,881: INFO: common: yaml file: params.yaml loaded successfully]
[2023-10-13 14:00:53,882: INFO: common: yaml file: schema.yaml loaded successfully]
[2023-10-13 14:00:53,882: INFO: common: created directory at: artifacts]
[2023-10-13 14:00:53,882: INFO: common: created directory at: artifacts/data_validation]
[2023-10-13 14:00:53,896: INFO: main: >>>>>>>>>>>>>>>>>Stage Data Validation Completed<<<<<<<<<<<]
[2023-10-13 14:01:06,548: INFO: main: We are printing the logs here!!!]
[2023-10-13 14:01:06,548: INFO: main: -----------Stage Data Ingestion Started------------]
[2023-10-13 14:01:06,549: INFO: common: yaml file: config\config.yaml loaded successfully]
[2023-10-13 14:01:06,549: INFO: common: yaml file: params.yaml loaded successfully]
[2023-10-13 14:01:06,550: INFO: common: yaml file: schema.yaml loaded successfully]
[2023-10-13 14:01:06,550: INFO: common: created directory at: artifacts]
[2023-10-13 14:01:06,550: INFO: common: created directory at: artifacts/data_ingestion]
[2023-10-13 14:01:06,551: INFO: common: calling DB configuration]
[2023-10-13 14:01:06,551: INFO: common: Reading data from Mongo DB]
[2023-10-13 14:01:36,754: INFO: common: Error occurs =========== 13.127.57.185:27017: timed out, Timeout: 30s, Topology Description: <TopologyDescription id: 6529004a49464406c3b8ab8e, topology_type: Unknown, servers: [<ServerDescription ('13.127.57.185', 27017) server_type: Unknown, rtt: None, error=NetworkTimeout('13.127.57.185:27017: timed out')>]>]
[2023-10-13 14:01:36,754: INFO: data_ingestion: Reading Completed from MongoDB]
[2023-10-13 14:01:36,754: INFO: data_ingestion: Writing data in Parquet file]
[2023-10-13 14:01:36,754: INFO: main: ------------Stage Data Ingestion Completed---------------------]
[2023-10-13 14:01:36,754: INFO: main: >>>>>>>>>>>>>>>>Stage Data Validation Started <<<<<<<<<<<<<<]
[2023-10-13 14:01:36,756: INFO: common: yaml file: config\config.yaml loaded successfully]
[2023-10-13 14:01:36,756: INFO: common: yaml file: params.yaml loaded successfully]
[2023-10-13 14:01:36,756: INFO: common: yaml file: schema.yaml loaded successfully]
[2023-10-13 14:01:36,757: INFO: common: created directory at: artifacts]
[2023-10-13 14:01:36,757: INFO: common: created directory at: artifacts/data_validation]
[2023-10-13 14:01:36,767: INFO: main: >>>>>>>>>>>>>>>>>Stage Data Validation Completed<<<<<<<<<<<]
[2023-10-13 14:03:38,277: INFO: main: We are printing the logs here!!!]
[2023-10-13 14:03:38,277: INFO: main: -----------Stage Data Ingestion Started------------]
[2023-10-13 14:03:38,278: INFO: common: yaml file: config\config.yaml loaded successfully]
[2023-10-13 14:03:38,278: INFO: common: yaml file: params.yaml loaded successfully]
[2023-10-13 14:03:38,279: INFO: common: yaml file: schema.yaml loaded successfully]
[2023-10-13 14:03:38,279: INFO: common: created directory at: artifacts]
[2023-10-13 14:03:38,279: INFO: common: created directory at: artifacts/data_ingestion]
[2023-10-13 14:03:38,281: INFO: common: calling DB configuration]
[2023-10-13 14:03:38,281: INFO: common: Reading data from Mongo DB]
[2023-10-13 14:03:38,283: INFO: common: Error occurs =========== 'Cursor' object has no attribute 'memory_usage']
[2023-10-13 14:03:38,283: INFO: data_ingestion: Reading Completed from MongoDB]
[2023-10-13 14:03:38,283: INFO: data_ingestion: Writing data in Parquet file]
[2023-10-13 14:03:38,283: INFO: main: ------------Stage Data Ingestion Completed---------------------]
[2023-10-13 14:03:38,283: INFO: main: >>>>>>>>>>>>>>>>Stage Data Validation Started <<<<<<<<<<<<<<]
[2023-10-13 14:03:38,284: INFO: common: yaml file: config\config.yaml loaded successfully]
[2023-10-13 14:03:38,285: INFO: common: yaml file: params.yaml loaded successfully]
[2023-10-13 14:03:38,285: INFO: common: yaml file: schema.yaml loaded successfully]
[2023-10-13 14:03:38,285: INFO: common: created directory at: artifacts]
[2023-10-13 14:03:38,286: INFO: common: created directory at: artifacts/data_validation]
[2023-10-13 14:03:38,295: INFO: main: >>>>>>>>>>>>>>>>>Stage Data Validation Completed<<<<<<<<<<<]
[2023-10-13 14:03:58,939: INFO: main: We are printing the logs here!!!]
[2023-10-13 14:03:58,939: INFO: main: -----------Stage Data Ingestion Started------------]
[2023-10-13 14:03:58,940: INFO: common: yaml file: config\config.yaml loaded successfully]
[2023-10-13 14:03:58,941: INFO: common: yaml file: params.yaml loaded successfully]
[2023-10-13 14:03:58,941: INFO: common: yaml file: schema.yaml loaded successfully]
[2023-10-13 14:03:58,941: INFO: common: created directory at: artifacts]
[2023-10-13 14:03:58,942: INFO: common: created directory at: artifacts/data_ingestion]
[2023-10-13 14:03:58,942: INFO: common: calling DB configuration]
[2023-10-13 14:03:58,942: INFO: common: Reading data from Mongo DB]
[2023-10-13 14:04:29,152: INFO: common: Error occurs =========== 13.127.57.185:27017: timed out, Timeout: 30s, Topology Description: <TopologyDescription id: 652900f685b127cb11347b35, topology_type: Unknown, servers: [<ServerDescription ('13.127.57.185', 27017) server_type: Unknown, rtt: None, error=NetworkTimeout('13.127.57.185:27017: timed out')>]>]
[2023-10-13 14:04:29,152: INFO: data_ingestion: Reading Completed from MongoDB]
[2023-10-13 14:04:29,153: INFO: data_ingestion: Writing data in Parquet file]
[2023-10-13 14:04:29,153: INFO: main: ------------Stage Data Ingestion Completed---------------------]
[2023-10-13 14:04:29,153: INFO: main: >>>>>>>>>>>>>>>>Stage Data Validation Started <<<<<<<<<<<<<<]
[2023-10-13 14:04:29,156: INFO: common: yaml file: config\config.yaml loaded successfully]
[2023-10-13 14:04:29,157: INFO: common: yaml file: params.yaml loaded successfully]
[2023-10-13 14:04:29,158: INFO: common: yaml file: schema.yaml loaded successfully]
[2023-10-13 14:04:29,159: INFO: common: created directory at: artifacts]
[2023-10-13 14:04:29,159: INFO: common: created directory at: artifacts/data_validation]
[2023-10-13 14:04:29,172: INFO: main: >>>>>>>>>>>>>>>>>Stage Data Validation Completed<<<<<<<<<<<]
[2023-10-13 14:05:25,337: INFO: main: We are printing the logs here!!!]
[2023-10-13 14:05:25,338: INFO: main: -----------Stage Data Ingestion Started------------]
[2023-10-13 14:05:25,339: INFO: common: yaml file: config\config.yaml loaded successfully]
[2023-10-13 14:05:25,339: INFO: common: yaml file: params.yaml loaded successfully]
[2023-10-13 14:05:25,340: INFO: common: yaml file: schema.yaml loaded successfully]
[2023-10-13 14:05:25,340: INFO: common: created directory at: artifacts]
[2023-10-13 14:05:25,340: INFO: common: created directory at: artifacts/data_ingestion]
[2023-10-13 14:05:25,341: INFO: common: calling DB configuration]
[2023-10-13 14:05:25,341: INFO: common: Reading data from Mongo DB]
[2023-10-13 14:05:55,568: INFO: common: Error occurs =========== 13.127.57.185:27017: timed out, Timeout: 30s, Topology Description: <TopologyDescription id: 6529014db899b6e931129be7, topology_type: Unknown, servers: [<ServerDescription ('13.127.57.185', 27017) server_type: Unknown, rtt: None, error=NetworkTimeout('13.127.57.185:27017: timed out')>]>]
[2023-10-13 14:05:55,568: INFO: data_ingestion: Reading Completed from MongoDB]
[2023-10-13 14:05:55,568: INFO: data_ingestion: Writing data in Parquet file]
[2023-10-13 14:05:55,569: INFO: main: ------------Stage Data Ingestion Completed---------------------]
[2023-10-13 14:05:55,569: INFO: main: >>>>>>>>>>>>>>>>Stage Data Validation Started <<<<<<<<<<<<<<]
[2023-10-13 14:05:55,572: INFO: common: yaml file: config\config.yaml loaded successfully]
[2023-10-13 14:05:55,572: INFO: common: yaml file: params.yaml loaded successfully]
[2023-10-13 14:05:55,573: INFO: common: yaml file: schema.yaml loaded successfully]
[2023-10-13 14:05:55,573: INFO: common: created directory at: artifacts]
[2023-10-13 14:05:55,573: INFO: common: created directory at: artifacts/data_validation]
[2023-10-13 14:05:55,583: INFO: main: >>>>>>>>>>>>>>>>>Stage Data Validation Completed<<<<<<<<<<<]
[2023-10-13 14:07:29,926: INFO: main: We are printing the logs here!!!]
[2023-10-13 14:07:29,926: INFO: main: -----------Stage Data Ingestion Started------------]
[2023-10-13 14:07:29,928: INFO: common: yaml file: config\config.yaml loaded successfully]
[2023-10-13 14:07:29,928: INFO: common: yaml file: params.yaml loaded successfully]
[2023-10-13 14:07:29,928: INFO: common: yaml file: schema.yaml loaded successfully]
[2023-10-13 14:07:29,929: INFO: common: created directory at: artifacts]
[2023-10-13 14:07:29,929: INFO: common: created directory at: artifacts/data_ingestion]
[2023-10-13 14:07:29,929: INFO: common: calling DB configuration]
[2023-10-13 14:07:29,930: INFO: common: Reading data from Mongo DB]
[2023-10-13 14:08:00,191: INFO: common: Error occurs =========== 13.127.57.185:27017: timed out, Timeout: 30s, Topology Description: <TopologyDescription id: 652901c9a4dfeebcae8d7228, topology_type: Unknown, servers: [<ServerDescription ('13.127.57.185', 27017) server_type: Unknown, rtt: None, error=NetworkTimeout('13.127.57.185:27017: timed out')>]>]
[2023-10-13 14:08:00,191: INFO: data_ingestion: Reading Completed from MongoDB]
[2023-10-13 14:08:00,192: INFO: data_ingestion: Writing data in Parquet file]
[2023-10-13 14:08:00,192: INFO: main: ------------Stage Data Ingestion Completed---------------------]
[2023-10-13 14:08:00,192: INFO: main: >>>>>>>>>>>>>>>>Stage Data Validation Started <<<<<<<<<<<<<<]
[2023-10-13 14:08:00,195: INFO: common: yaml file: config\config.yaml loaded successfully]
[2023-10-13 14:08:00,196: INFO: common: yaml file: params.yaml loaded successfully]
[2023-10-13 14:08:00,198: INFO: common: yaml file: schema.yaml loaded successfully]
[2023-10-13 14:08:00,198: INFO: common: created directory at: artifacts]
[2023-10-13 14:08:00,199: INFO: common: created directory at: artifacts/data_validation]
[2023-10-13 14:08:00,210: INFO: main: >>>>>>>>>>>>>>>>>Stage Data Validation Completed<<<<<<<<<<<]
[2023-10-13 14:08:33,736: INFO: main: We are printing the logs here!!!]
[2023-10-13 14:08:33,736: INFO: main: -----------Stage Data Ingestion Started------------]
[2023-10-13 14:08:33,737: INFO: common: yaml file: config\config.yaml loaded successfully]
[2023-10-13 14:08:33,737: INFO: common: yaml file: params.yaml loaded successfully]
[2023-10-13 14:08:33,738: INFO: common: yaml file: schema.yaml loaded successfully]
[2023-10-13 14:08:33,738: INFO: common: created directory at: artifacts]
[2023-10-13 14:08:33,738: INFO: common: created directory at: artifacts/data_ingestion]
[2023-10-13 14:08:33,739: INFO: common: calling DB configuration]
[2023-10-13 14:08:33,739: INFO: common: Reading data from Mongo DB]
[2023-10-13 14:09:03,920: INFO: common: Error occurs =========== 13.127.57.185:27017: timed out, Timeout: 30s, Topology Description: <TopologyDescription id: 65290209a75cba0125e0734e, topology_type: Unknown, servers: [<ServerDescription ('13.127.57.185', 27017) server_type: Unknown, rtt: None, error=NetworkTimeout('13.127.57.185:27017: timed out')>]>]
[2023-10-13 14:09:03,920: INFO: data_ingestion: Reading Completed from MongoDB]
[2023-10-13 14:09:03,920: INFO: data_ingestion: Writing data in Parquet file]
[2023-10-13 14:09:03,921: INFO: main: ------------Stage Data Ingestion Completed---------------------]
[2023-10-13 14:09:03,921: INFO: main: >>>>>>>>>>>>>>>>Stage Data Validation Started <<<<<<<<<<<<<<]
[2023-10-13 14:09:03,921: INFO: main: >>>>>>>>>>>>>>>>>Stage Data Validation Completed<<<<<<<<<<<]
[2023-10-13 14:12:18,681: INFO: main: We are printing the logs here!!!]
[2023-10-13 14:12:18,682: INFO: main: -----------Stage Data Ingestion Started------------]
[2023-10-13 14:12:18,683: INFO: common: yaml file: config\config.yaml loaded successfully]
[2023-10-13 14:12:18,683: INFO: common: yaml file: params.yaml loaded successfully]
[2023-10-13 14:12:18,684: INFO: common: yaml file: schema.yaml loaded successfully]
[2023-10-13 14:12:18,684: INFO: common: created directory at: artifacts]
[2023-10-13 14:12:18,684: INFO: common: created directory at: artifacts/data_ingestion]
[2023-10-13 14:12:18,686: INFO: common: calling DB configuration]
[2023-10-13 14:12:18,686: INFO: common: Reading data from Mongo DB]
[2023-10-13 14:12:48,889: INFO: common: Error occurs =========== 13.127.57.185:27017: timed out, Timeout: 30s, Topology Description: <TopologyDescription id: 652902eaaf7cc9dd849f950b, topology_type: Unknown, servers: [<ServerDescription ('13.127.57.185', 27017) server_type: Unknown, rtt: None, error=NetworkTimeout('13.127.57.185:27017: timed out')>]>]
[2023-10-13 14:12:48,889: INFO: data_ingestion: Reading Completed from MongoDB]
[2023-10-13 14:12:48,889: INFO: data_ingestion: Writing data in Parquet file]
[2023-10-13 14:12:48,890: INFO: main: ------------Stage Data Ingestion Completed---------------------]
[2023-10-13 14:12:48,890: INFO: main: >>>>>>>>>>>>>>>>Stage Data Validation Started <<<<<<<<<<<<<<]
[2023-10-13 14:12:48,890: INFO: main: >>>>>>>>>>>>>>>>>Stage Data Validation Completed<<<<<<<<<<<]
[2023-10-13 14:28:00,794: INFO: common: yaml file: config\config.yaml loaded successfully]
[2023-10-13 14:28:00,796: INFO: common: yaml file: params.yaml loaded successfully]
[2023-10-13 14:28:00,797: INFO: common: yaml file: schema.yaml loaded successfully]
[2023-10-13 14:28:00,799: INFO: common: created directory at: artifacts]
[2023-10-13 14:28:00,800: INFO: common: created directory at: artifacts/data_ingestion]
[2023-10-13 14:28:00,802: INFO: common: calling DB configuration]
[2023-10-13 14:28:00,802: INFO: common: Reading data from Mongo DB]
[2023-10-13 14:28:31,028: INFO: common: Error occurs =========== 13.127.57.185:27017: timed out, Timeout: 30s, Topology Description: <TopologyDescription id: 65290698c336d6e8be458979, topology_type: Unknown, servers: [<ServerDescription ('13.127.57.185', 27017) server_type: Unknown, rtt: None, error=NetworkTimeout('13.127.57.185:27017: timed out')>]>]
[2023-10-13 14:28:31,030: INFO: 21609390: Reading Completed from MongoDB]
[2023-10-13 14:28:31,031: INFO: 21609390: Writing data in Parquet file]
[2023-10-13 14:32:40,257: INFO: main: We are printing the logs here!!!]
[2023-10-13 14:32:40,257: INFO: main: -----------Stage Data Ingestion Started------------]
[2023-10-13 14:32:40,259: INFO: common: yaml file: config\config.yaml loaded successfully]
[2023-10-13 14:32:40,259: INFO: common: yaml file: params.yaml loaded successfully]
[2023-10-13 14:32:40,259: INFO: common: yaml file: schema.yaml loaded successfully]
[2023-10-13 14:32:40,260: INFO: common: created directory at: artifacts]
[2023-10-13 14:32:40,260: INFO: common: created directory at: artifacts/data_ingestion]
[2023-10-13 14:32:40,260: INFO: common: calling DB configuration]
[2023-10-13 14:32:40,260: INFO: common: Reading data from Mongo DB]
[2023-10-13 14:33:10,428: INFO: common: Error occurs =========== 13.127.57.185:27017: timed out, Timeout: 30s, Topology Description: <TopologyDescription id: 652907b0779ee8adb335fa69, topology_type: Unknown, servers: [<ServerDescription ('13.127.57.185', 27017) server_type: Unknown, rtt: None, error=NetworkTimeout('13.127.57.185:27017: timed out')>]>]
[2023-10-13 14:33:10,428: INFO: data_ingestion: Reading Completed from MongoDB]
[2023-10-13 14:33:10,428: INFO: data_ingestion: Writing data in Parquet file]
[2023-10-13 14:33:10,429: INFO: main: ------------Stage Data Ingestion Completed---------------------]
[2023-10-13 14:33:10,429: INFO: main: >>>>>>>>>>>>>>>>Stage Data Validation Started <<<<<<<<<<<<<<]
[2023-10-13 14:33:10,429: INFO: main: >>>>>>>>>>>>>>>>>Stage Data Validation Completed<<<<<<<<<<<]
[2023-10-13 14:34:25,353: INFO: main: We are printing the logs here!!!]
[2023-10-13 14:34:25,353: INFO: main: -----------Stage Data Ingestion Started------------]
[2023-10-13 14:34:25,354: INFO: common: yaml file: config\config.yaml loaded successfully]
[2023-10-13 14:34:25,354: INFO: common: yaml file: params.yaml loaded successfully]
[2023-10-13 14:34:25,355: INFO: common: yaml file: schema.yaml loaded successfully]
[2023-10-13 14:34:25,355: INFO: common: created directory at: artifacts]
[2023-10-13 14:34:25,355: INFO: common: created directory at: artifacts/data_ingestion]
[2023-10-13 14:34:25,356: INFO: common: calling DB configuration]
[2023-10-13 14:34:25,356: INFO: common: Reading data from Mongo DB]
[2023-10-13 14:34:55,541: INFO: common: Error occurs =========== 13.127.57.185:27017: timed out, Timeout: 30s, Topology Description: <TopologyDescription id: 652908199650cd7b0a7bb9dd, topology_type: Unknown, servers: [<ServerDescription ('13.127.57.185', 27017) server_type: Unknown, rtt: None, error=NetworkTimeout('13.127.57.185:27017: timed out')>]>]
[2023-10-13 14:34:55,541: INFO: data_ingestion: Reading Completed from MongoDB]
[2023-10-13 14:34:55,541: INFO: data_ingestion: Writing data in Parquet file]
[2023-10-13 14:34:55,542: INFO: main: ------------Stage Data Ingestion Completed---------------------]
[2023-10-13 14:34:55,542: INFO: main: >>>>>>>>>>>>>>>>Stage Data Validation Started <<<<<<<<<<<<<<]
[2023-10-13 14:34:55,542: INFO: main: >>>>>>>>>>>>>>>>>Stage Data Validation Completed<<<<<<<<<<<]
[2023-10-13 14:36:34,704: INFO: main: We are printing the logs here!!!]
[2023-10-13 14:36:34,704: INFO: main: -----------Stage Data Ingestion Started------------]
[2023-10-13 14:36:34,705: INFO: common: yaml file: config\config.yaml loaded successfully]
[2023-10-13 14:36:34,706: INFO: common: yaml file: params.yaml loaded successfully]
[2023-10-13 14:36:34,706: INFO: common: yaml file: schema.yaml loaded successfully]
[2023-10-13 14:36:34,706: INFO: common: created directory at: artifacts]
[2023-10-13 14:36:34,706: INFO: common: created directory at: artifacts/data_ingestion]
[2023-10-13 14:36:34,707: INFO: common: calling DB configuration]
[2023-10-13 14:36:34,707: INFO: common: Reading data from Mongo DB]
[2023-10-13 14:36:35,059: INFO: data_ingestion: Reading Completed from MongoDB]
[2023-10-13 14:36:35,059: INFO: data_ingestion: Writing data in Parquet file]
[2023-10-13 14:36:35,168: INFO: main: ------------Stage Data Ingestion Completed---------------------]
[2023-10-13 14:36:35,168: INFO: main: >>>>>>>>>>>>>>>>Stage Data Validation Started <<<<<<<<<<<<<<]
[2023-10-13 14:36:35,168: INFO: main: >>>>>>>>>>>>>>>>>Stage Data Validation Completed<<<<<<<<<<<]
[2023-10-13 14:37:49,475: INFO: main: We are printing the logs here!!!]
[2023-10-13 14:37:49,476: INFO: main: -----------Stage Data Ingestion Started------------]
[2023-10-13 14:37:49,477: INFO: common: yaml file: config\config.yaml loaded successfully]
[2023-10-13 14:37:49,477: INFO: common: yaml file: params.yaml loaded successfully]
[2023-10-13 14:37:49,478: INFO: common: yaml file: schema.yaml loaded successfully]
[2023-10-13 14:37:49,478: INFO: common: created directory at: artifacts]
[2023-10-13 14:37:49,478: INFO: common: created directory at: artifacts/data_ingestion]
[2023-10-13 14:37:49,479: INFO: common: calling DB configuration]
[2023-10-13 14:37:49,479: INFO: common: Reading data from Mongo DB]
[2023-10-13 16:21:12,252: INFO: main: We are printing the logs here!!!]
[2023-10-13 16:21:12,252: INFO: main: -----------Stage Data Ingestion Started------------]
[2023-10-13 16:21:12,254: INFO: common: yaml file: config\config.yaml loaded successfully]
[2023-10-13 16:21:12,254: INFO: common: yaml file: params.yaml loaded successfully]
[2023-10-13 16:21:12,255: INFO: common: yaml file: schema.yaml loaded successfully]
[2023-10-13 16:21:12,256: INFO: common: created directory at: artifacts]
[2023-10-13 16:21:12,256: INFO: common: created directory at: artifacts/data_ingestion]
[2023-10-13 16:21:12,257: INFO: common: calling DB configuration]
[2023-10-13 16:21:12,258: INFO: common: Reading data from Mongo DB]
[2023-10-13 17:06:07,349: INFO: data_ingestion: Reading Completed from MongoDB]
[2023-10-13 17:06:07,351: INFO: data_ingestion: Writing data in Parquet file]
[2023-10-13 17:06:11,717: INFO: main: ------------Stage Data Ingestion Completed---------------------]
[2023-10-13 17:06:11,718: INFO: main: >>>>>>>>>>>>>>>>Stage Data Validation Started <<<<<<<<<<<<<<]
[2023-10-13 17:06:11,719: INFO: common: yaml file: config\config.yaml loaded successfully]
[2023-10-13 17:06:11,720: INFO: common: yaml file: params.yaml loaded successfully]
[2023-10-13 17:06:11,720: INFO: common: yaml file: schema.yaml loaded successfully]
[2023-10-13 17:06:11,721: INFO: common: created directory at: artifacts]
[2023-10-13 17:06:11,721: INFO: common: created directory at: artifacts/data_validation]
[2023-10-13 17:06:12,815: INFO: main: >>>>>>>>>>>>>>>>>Stage Data Validation Completed<<<<<<<<<<<]
[2023-10-17 11:57:57,773: INFO: main: We are printing the logs here!!!]
[2023-10-17 11:57:57,773: INFO: main: -----------Stage Data Ingestion Started------------]
[2023-10-17 11:57:57,779: INFO: common: yaml file: config\config.yaml loaded successfully]
[2023-10-17 11:57:57,784: INFO: common: yaml file: params.yaml loaded successfully]
[2023-10-17 11:57:57,788: INFO: common: yaml file: schema.yaml loaded successfully]
[2023-10-17 11:57:57,788: INFO: common: created directory at: artifacts]
[2023-10-17 11:57:57,788: INFO: common: created directory at: artifacts/data_ingestion]
[2023-10-17 11:57:57,789: INFO: common: calling DB configuration]
[2023-10-17 11:57:57,789: INFO: common: Reading data from Mongo DB]
[2023-10-17 11:57:58,187: INFO: data_ingestion: Reading Completed from MongoDB]
[2023-10-17 11:57:58,188: INFO: data_ingestion: Writing data in Parquet file]
[2023-10-17 11:57:58,636: INFO: main: ------------Stage Data Ingestion Completed---------------------]
[2023-10-17 11:57:58,636: INFO: main: >>>>>>>>>>>>>>>>Stage Data Validation Started <<<<<<<<<<<<<<]
[2023-10-17 11:57:58,637: INFO: common: yaml file: config\config.yaml loaded successfully]
[2023-10-17 11:57:58,637: INFO: common: yaml file: params.yaml loaded successfully]
[2023-10-17 11:57:58,638: INFO: common: yaml file: schema.yaml loaded successfully]
[2023-10-17 11:57:58,638: INFO: common: created directory at: artifacts]
[2023-10-17 11:57:58,638: INFO: common: created directory at: artifacts/data_validation]
[2023-10-17 11:57:58,853: INFO: main: >>>>>>>>>>>>>>>>>Stage Data Validation Completed<<<<<<<<<<<]
[2023-10-17 11:58:46,837: INFO: main: We are printing the logs here!!!]
[2023-10-17 11:58:46,837: INFO: main: -----------Stage Data Ingestion Started------------]
[2023-10-17 11:58:46,839: INFO: common: yaml file: config\config.yaml loaded successfully]
[2023-10-17 11:58:46,839: INFO: common: yaml file: params.yaml loaded successfully]
[2023-10-17 11:58:46,840: INFO: common: yaml file: schema.yaml loaded successfully]
[2023-10-17 11:58:46,840: INFO: common: created directory at: artifacts]
[2023-10-17 11:58:46,842: INFO: common: created directory at: artifacts/data_ingestion]
[2023-10-17 11:58:46,843: INFO: common: calling DB configuration]
[2023-10-17 11:58:46,843: INFO: common: Reading data from Mongo DB]
[2023-10-17 11:58:47,174: INFO: data_ingestion: Reading Completed from MongoDB]
[2023-10-17 11:58:47,175: INFO: data_ingestion: Writing data in Parquet file]
[2023-10-17 11:58:47,263: INFO: main: ------------Stage Data Ingestion Completed---------------------]
[2023-10-17 11:58:47,263: INFO: main: >>>>>>>>>>>>>>>>Stage Data Validation Started <<<<<<<<<<<<<<]
[2023-10-17 11:58:47,264: INFO: common: yaml file: config\config.yaml loaded successfully]
[2023-10-17 11:58:47,265: INFO: common: yaml file: params.yaml loaded successfully]
[2023-10-17 11:58:47,265: INFO: common: yaml file: schema.yaml loaded successfully]
[2023-10-17 11:58:47,265: INFO: common: created directory at: artifacts]
[2023-10-17 11:58:47,266: INFO: common: created directory at: artifacts/data_validation]
[2023-10-17 11:58:47,296: INFO: main: >>>>>>>>>>>>>>>>>Stage Data Validation Completed<<<<<<<<<<<]
[2023-10-17 12:00:12,817: INFO: main: We are printing the logs here!!!]
[2023-10-17 12:00:12,817: INFO: main: -----------Stage Data Ingestion Started------------]
[2023-10-17 12:00:12,819: INFO: common: yaml file: config\config.yaml loaded successfully]
[2023-10-17 12:00:12,819: INFO: common: yaml file: params.yaml loaded successfully]
[2023-10-17 12:00:12,819: INFO: common: yaml file: schema.yaml loaded successfully]
[2023-10-17 12:00:12,820: INFO: common: created directory at: artifacts]
[2023-10-17 12:00:12,820: INFO: common: created directory at: artifacts/data_ingestion]
[2023-10-17 12:00:12,821: INFO: common: calling DB configuration]
[2023-10-17 12:00:12,821: INFO: common: Reading data from Mongo DB]
[2023-10-17 12:00:13,109: INFO: data_ingestion: Reading Completed from MongoDB]
[2023-10-17 12:00:13,110: INFO: data_ingestion: Writing data in Parquet file]
[2023-10-17 12:00:13,213: INFO: main: ------------Stage Data Ingestion Completed---------------------]
[2023-10-17 12:00:13,213: INFO: main: >>>>>>>>>>>>>>>>Stage Data Validation Started <<<<<<<<<<<<<<]
[2023-10-17 12:00:13,215: INFO: common: yaml file: config\config.yaml loaded successfully]
[2023-10-17 12:00:13,215: INFO: common: yaml file: params.yaml loaded successfully]
[2023-10-17 12:00:13,216: INFO: common: yaml file: schema.yaml loaded successfully]
[2023-10-17 12:00:13,216: INFO: common: created directory at: artifacts]
[2023-10-17 12:00:13,217: INFO: common: created directory at: artifacts/data_validation]
[2023-10-17 12:00:13,249: INFO: main: >>>>>>>>>>>>>>>>>Stage Data Validation Completed<<<<<<<<<<<]
[2023-10-17 12:00:41,053: INFO: main: We are printing the logs here!!!]
[2023-10-17 12:00:41,053: INFO: main: -----------Stage Data Ingestion Started------------]
[2023-10-17 12:00:41,055: INFO: common: yaml file: config\config.yaml loaded successfully]
[2023-10-17 12:00:41,055: INFO: common: yaml file: params.yaml loaded successfully]
[2023-10-17 12:00:41,056: INFO: common: yaml file: schema.yaml loaded successfully]
[2023-10-17 12:00:41,056: INFO: common: created directory at: artifacts]
[2023-10-17 12:00:41,057: INFO: common: created directory at: artifacts/data_ingestion]
[2023-10-17 12:00:41,057: INFO: common: calling DB configuration]
[2023-10-17 12:00:41,057: INFO: common: Reading data from Mongo DB]
[2023-10-17 12:03:00,004: INFO: main: We are printing the logs here!!!]
[2023-10-17 12:03:00,004: INFO: main: -----------Stage Data Ingestion Started------------]
[2023-10-17 12:03:00,005: INFO: common: yaml file: config\config.yaml loaded successfully]
[2023-10-17 12:03:00,006: INFO: common: yaml file: params.yaml loaded successfully]
[2023-10-17 12:03:00,007: INFO: common: yaml file: schema.yaml loaded successfully]
[2023-10-17 12:03:00,007: INFO: common: created directory at: artifacts]
[2023-10-17 12:03:00,007: INFO: common: created directory at: artifacts/data_ingestion]
[2023-10-17 12:03:00,008: INFO: common: calling DB configuration]
[2023-10-17 12:03:00,008: INFO: common: Reading data from Mongo DB]
[2023-10-17 12:03:00,481: INFO: data_ingestion: Reading Completed from MongoDB]
[2023-10-17 12:03:00,481: INFO: data_ingestion: Writing data in Parquet file]
[2023-10-17 12:03:00,577: INFO: main: ------------Stage Data Ingestion Completed---------------------]
[2023-10-17 12:03:00,577: INFO: main: >>>>>>>>>>>>>>>>Stage Data Validation Started <<<<<<<<<<<<<<]
[2023-10-17 12:03:00,578: INFO: common: yaml file: config\config.yaml loaded successfully]
[2023-10-17 12:03:00,579: INFO: common: yaml file: params.yaml loaded successfully]
[2023-10-17 12:03:00,579: INFO: common: yaml file: schema.yaml loaded successfully]
[2023-10-17 12:03:00,579: INFO: common: created directory at: artifacts]
[2023-10-17 12:03:00,580: INFO: common: created directory at: artifacts/data_validation]
[2023-10-17 12:03:00,622: INFO: main: >>>>>>>>>>>>>>>>>Stage Data Validation Completed<<<<<<<<<<<]
[2023-10-17 12:37:33,729: INFO: main: We are printing the logs here!!!]
[2023-10-17 12:37:33,729: INFO: main: -----------Stage Data Ingestion Started------------]
[2023-10-17 12:37:33,731: INFO: common: yaml file: config\config.yaml loaded successfully]
[2023-10-17 12:37:33,731: INFO: common: yaml file: params.yaml loaded successfully]
[2023-10-17 12:37:33,732: INFO: common: yaml file: schema.yaml loaded successfully]
[2023-10-17 12:37:33,732: INFO: common: created directory at: artifacts]
[2023-10-17 12:37:33,732: INFO: common: created directory at: artifacts/data_ingestion]
[2023-10-17 12:37:33,732: ERROR: main: DataIngestionConfig.__init__() got an unexpected keyword argument 'local_data_file1']
Traceback (most recent call last):
  File "D:\HourlyConsumptiomXGboost\main.py", line 12, in <module>
    obj.main()
  File "D:\HourlyConsumptiomXGboost\src\mlProject\pipeline\stage_01_data_ingestion.py", line 19, in main
    raise e
  File "D:\HourlyConsumptiomXGboost\src\mlProject\pipeline\stage_01_data_ingestion.py", line 15, in main
    data_ingestion_config = config.get_data_ingestion_config()
                            ^^^^^^^^^^^^^^^^^^^^^^^^^^^^^^^^^^
  File "D:\HourlyConsumptiomXGboost\src\mlProject\config\configuration.py", line 22, in get_data_ingestion_config
    data_ingestion_config = DataIngestionConfig(
                            ^^^^^^^^^^^^^^^^^^^^
TypeError: DataIngestionConfig.__init__() got an unexpected keyword argument 'local_data_file1'
[2023-10-17 12:38:59,038: INFO: main: We are printing the logs here!!!]
[2023-10-17 12:38:59,038: INFO: main: -----------Stage Data Ingestion Started------------]
[2023-10-17 12:38:59,040: INFO: common: yaml file: config\config.yaml loaded successfully]
[2023-10-17 12:38:59,041: INFO: common: yaml file: params.yaml loaded successfully]
[2023-10-17 12:38:59,041: INFO: common: yaml file: schema.yaml loaded successfully]
[2023-10-17 12:38:59,041: INFO: common: created directory at: artifacts]
[2023-10-17 12:38:59,041: INFO: common: created directory at: artifacts/data_ingestion]
[2023-10-17 12:38:59,042: INFO: common: calling DB configuration]
[2023-10-17 12:38:59,042: INFO: common: Reading data from Mongo DB]
[2023-10-17 12:38:59,470: INFO: data_ingestion: Reading Completed from MongoDB]
[2023-10-17 12:38:59,470: INFO: data_ingestion: Writing data in Parquet file]
[2023-10-17 12:38:59,598: INFO: main: ------------Stage Data Ingestion Completed---------------------]
[2023-10-17 12:38:59,598: INFO: main: >>>>>>>>>>>>>>>>Stage Data Validation Started <<<<<<<<<<<<<<]
[2023-10-17 12:38:59,599: INFO: common: yaml file: config\config.yaml loaded successfully]
[2023-10-17 12:38:59,600: INFO: common: yaml file: params.yaml loaded successfully]
[2023-10-17 12:38:59,600: INFO: common: yaml file: schema.yaml loaded successfully]
[2023-10-17 12:38:59,600: INFO: common: created directory at: artifacts]
[2023-10-17 12:38:59,600: INFO: common: created directory at: artifacts/data_validation]
[2023-10-17 12:38:59,624: INFO: main: >>>>>>>>>>>>>>>>>Stage Data Validation Completed<<<<<<<<<<<]
[2023-10-17 13:15:59,579: INFO: main: We are printing the logs here!!!]
[2023-10-17 13:15:59,579: INFO: main: -----------Stage Data Ingestion Started------------]
[2023-10-17 13:15:59,581: INFO: common: yaml file: config\config.yaml loaded successfully]
[2023-10-17 13:15:59,581: INFO: common: yaml file: params.yaml loaded successfully]
[2023-10-17 13:15:59,582: INFO: common: yaml file: schema.yaml loaded successfully]
[2023-10-17 13:15:59,582: INFO: common: created directory at: artifacts]
[2023-10-17 13:15:59,583: INFO: common: created directory at: artifacts/data_ingestion]
[2023-10-17 13:15:59,584: INFO: common: calling DB configuration]
[2023-10-17 13:15:59,584: INFO: common: Reading data from Mongo DB]
[2023-10-17 13:15:59,810: INFO: common: Error occurs =========== 'DataFrame' object has no attribute 'item']
[2023-10-17 13:15:59,810: INFO: data_ingestion: Reading Completed from MongoDB]
[2023-10-17 13:15:59,810: INFO: data_ingestion: Writing data in Parquet file]
[2023-10-17 13:15:59,810: INFO: main: ------------Stage Data Ingestion Completed---------------------]
[2023-10-17 13:15:59,810: INFO: main: >>>>>>>>>>>>>>>>Stage Data Validation Started <<<<<<<<<<<<<<]
[2023-10-17 13:15:59,812: INFO: common: yaml file: config\config.yaml loaded successfully]
[2023-10-17 13:15:59,813: INFO: common: yaml file: params.yaml loaded successfully]
[2023-10-17 13:15:59,813: INFO: common: yaml file: schema.yaml loaded successfully]
[2023-10-17 13:15:59,813: INFO: common: created directory at: artifacts]
[2023-10-17 13:15:59,814: INFO: common: created directory at: artifacts/data_validation]
[2023-10-17 13:15:59,823: INFO: main: >>>>>>>>>>>>>>>>>Stage Data Validation Completed<<<<<<<<<<<]
[2023-10-17 13:44:07,306: INFO: main: We are printing the logs here!!!]
[2023-10-17 13:44:07,306: INFO: main: -----------Stage Data Ingestion Started------------]
[2023-10-17 13:44:07,308: INFO: common: yaml file: config\config.yaml loaded successfully]
[2023-10-17 13:44:07,309: INFO: common: yaml file: params.yaml loaded successfully]
[2023-10-17 13:44:07,309: INFO: common: yaml file: schema.yaml loaded successfully]
[2023-10-17 13:44:07,310: INFO: common: created directory at: artifacts]
[2023-10-17 13:44:07,310: INFO: common: created directory at: artifacts/data_ingestion]
[2023-10-17 13:44:07,311: INFO: common: calling DB configuration]
[2023-10-17 13:44:07,311: INFO: common: Reading data from Mongo DB]
[2023-10-17 13:44:07,536: INFO: common: Error occurs =========== 'Cursor' object has no attribute 'count']
[2023-10-17 13:44:07,536: INFO: data_ingestion: Reading Completed from MongoDB]
[2023-10-17 13:44:07,536: INFO: data_ingestion: Writing data in Parquet file]
[2023-10-17 13:44:07,536: INFO: main: ------------Stage Data Ingestion Completed---------------------]
[2023-10-17 13:44:07,536: INFO: main: >>>>>>>>>>>>>>>>Stage Data Validation Started <<<<<<<<<<<<<<]
[2023-10-17 13:44:07,538: INFO: common: yaml file: config\config.yaml loaded successfully]
[2023-10-17 13:44:07,538: INFO: common: yaml file: params.yaml loaded successfully]
[2023-10-17 13:44:07,539: INFO: common: yaml file: schema.yaml loaded successfully]
[2023-10-17 13:44:07,539: INFO: common: created directory at: artifacts]
[2023-10-17 13:44:07,539: INFO: common: created directory at: artifacts/data_validation]
[2023-10-17 13:44:07,550: INFO: main: >>>>>>>>>>>>>>>>>Stage Data Validation Completed<<<<<<<<<<<]
[2023-10-17 13:45:12,778: INFO: main: We are printing the logs here!!!]
[2023-10-17 13:45:12,778: INFO: main: -----------Stage Data Ingestion Started------------]
[2023-10-17 13:45:12,780: INFO: common: yaml file: config\config.yaml loaded successfully]
[2023-10-17 13:45:12,780: INFO: common: yaml file: params.yaml loaded successfully]
[2023-10-17 13:45:12,781: INFO: common: yaml file: schema.yaml loaded successfully]
[2023-10-17 13:45:12,781: INFO: common: created directory at: artifacts]
[2023-10-17 13:45:12,781: INFO: common: created directory at: artifacts/data_ingestion]
[2023-10-17 13:45:12,782: INFO: common: calling DB configuration]
[2023-10-17 13:45:12,782: INFO: common: Reading data from Mongo DB]
[2023-10-17 13:45:13,015: INFO: common: Error occurs =========== cannot encode object: <pymongo.cursor.Cursor object at 0x0000012C49F637D0>, of type: <class 'pymongo.cursor.Cursor'>]
[2023-10-17 13:45:13,015: INFO: data_ingestion: Reading Completed from MongoDB]
[2023-10-17 13:45:13,015: INFO: data_ingestion: Writing data in Parquet file]
[2023-10-17 13:45:13,015: INFO: main: ------------Stage Data Ingestion Completed---------------------]
[2023-10-17 13:45:13,015: INFO: main: >>>>>>>>>>>>>>>>Stage Data Validation Started <<<<<<<<<<<<<<]
[2023-10-17 13:45:13,017: INFO: common: yaml file: config\config.yaml loaded successfully]
[2023-10-17 13:45:13,017: INFO: common: yaml file: params.yaml loaded successfully]
[2023-10-17 13:45:13,018: INFO: common: yaml file: schema.yaml loaded successfully]
[2023-10-17 13:45:13,018: INFO: common: created directory at: artifacts]
[2023-10-17 13:45:13,018: INFO: common: created directory at: artifacts/data_validation]
[2023-10-17 13:45:13,028: INFO: main: >>>>>>>>>>>>>>>>>Stage Data Validation Completed<<<<<<<<<<<]
[2023-10-17 13:52:05,616: INFO: main: We are printing the logs here!!!]
[2023-10-17 13:52:05,616: INFO: main: -----------Stage Data Ingestion Started------------]
[2023-10-17 13:52:05,618: INFO: common: yaml file: config\config.yaml loaded successfully]
[2023-10-17 13:52:05,618: INFO: common: yaml file: params.yaml loaded successfully]
[2023-10-17 13:52:05,619: INFO: common: yaml file: schema.yaml loaded successfully]
[2023-10-17 13:52:05,619: INFO: common: created directory at: artifacts]
[2023-10-17 13:52:05,619: INFO: common: created directory at: artifacts/data_ingestion]
[2023-10-17 13:52:05,620: INFO: common: calling DB configuration]
[2023-10-17 13:52:05,620: INFO: common: Reading data from Mongo DB]
[2023-10-17 13:52:05,827: INFO: common: Error occurs =========== 'Collection' object is not callable. If you meant to call the 'count' method on a 'Collection' object it is failing because no such method exists.]
[2023-10-17 13:52:05,827: INFO: data_ingestion: Reading Completed from MongoDB]
[2023-10-17 13:52:05,827: INFO: data_ingestion: Writing data in Parquet file]
[2023-10-17 13:52:05,827: INFO: main: ------------Stage Data Ingestion Completed---------------------]
[2023-10-17 13:52:05,827: INFO: main: >>>>>>>>>>>>>>>>Stage Data Validation Started <<<<<<<<<<<<<<]
[2023-10-17 13:52:05,829: INFO: common: yaml file: config\config.yaml loaded successfully]
[2023-10-17 13:52:05,829: INFO: common: yaml file: params.yaml loaded successfully]
[2023-10-17 13:52:05,830: INFO: common: yaml file: schema.yaml loaded successfully]
[2023-10-17 13:52:05,830: INFO: common: created directory at: artifacts]
[2023-10-17 13:52:05,831: INFO: common: created directory at: artifacts/data_validation]
[2023-10-17 13:52:05,841: INFO: main: >>>>>>>>>>>>>>>>>Stage Data Validation Completed<<<<<<<<<<<]
[2023-10-17 13:54:27,511: INFO: main: We are printing the logs here!!!]
[2023-10-17 13:54:27,511: INFO: main: -----------Stage Data Ingestion Started------------]
[2023-10-17 13:54:27,513: INFO: common: yaml file: config\config.yaml loaded successfully]
[2023-10-17 13:54:27,514: INFO: common: yaml file: params.yaml loaded successfully]
[2023-10-17 13:54:27,514: INFO: common: yaml file: schema.yaml loaded successfully]
[2023-10-17 13:54:27,514: INFO: common: created directory at: artifacts]
[2023-10-17 13:54:27,514: INFO: common: created directory at: artifacts/data_ingestion]
[2023-10-17 13:54:27,515: INFO: common: calling DB configuration]
[2023-10-17 13:54:27,515: INFO: common: Reading data from Mongo DB]
[2023-10-17 13:56:32,277: INFO: main: We are printing the logs here!!!]
[2023-10-17 13:56:32,277: INFO: main: -----------Stage Data Ingestion Started------------]
[2023-10-17 13:56:32,279: INFO: common: yaml file: config\config.yaml loaded successfully]
[2023-10-17 13:56:32,279: INFO: common: yaml file: params.yaml loaded successfully]
[2023-10-17 13:56:32,280: INFO: common: yaml file: schema.yaml loaded successfully]
[2023-10-17 13:56:32,280: INFO: common: created directory at: artifacts]
[2023-10-17 13:56:32,280: INFO: common: created directory at: artifacts/data_ingestion]
[2023-10-17 13:56:32,280: WARNING: main: Python-dotenv could not parse statement starting at line 1]
[2023-10-17 13:56:32,281: WARNING: main: Python-dotenv could not parse statement starting at line 2]
[2023-10-17 13:56:32,281: WARNING: main: Python-dotenv could not parse statement starting at line 3]
[2023-10-17 13:56:32,281: WARNING: main: Python-dotenv could not parse statement starting at line 4]
[2023-10-17 13:56:32,281: INFO: common: calling DB configuration]
[2023-10-17 13:56:32,281: INFO: common: Reading data from Mongo DB]
[2023-10-17 13:56:47,068: INFO: main: We are printing the logs here!!!]
[2023-10-17 13:56:47,068: INFO: main: -----------Stage Data Ingestion Started------------]
[2023-10-17 13:56:47,070: INFO: common: yaml file: config\config.yaml loaded successfully]
[2023-10-17 13:56:47,071: INFO: common: yaml file: params.yaml loaded successfully]
[2023-10-17 13:56:47,072: INFO: common: yaml file: schema.yaml loaded successfully]
[2023-10-17 13:56:47,072: INFO: common: created directory at: artifacts]
[2023-10-17 13:56:47,072: INFO: common: created directory at: artifacts/data_ingestion]
[2023-10-17 13:56:47,072: WARNING: main: Python-dotenv could not parse statement starting at line 1]
[2023-10-17 13:56:47,073: WARNING: main: Python-dotenv could not parse statement starting at line 2]
[2023-10-17 13:56:47,073: WARNING: main: Python-dotenv could not parse statement starting at line 3]
[2023-10-17 13:56:47,073: WARNING: main: Python-dotenv could not parse statement starting at line 4]
[2023-10-17 13:56:47,073: INFO: common: calling DB configuration]
[2023-10-17 13:56:47,073: INFO: common: Reading data from Mongo DB]
[2023-10-17 14:03:04,855: INFO: main: We are printing the logs here!!!]
[2023-10-17 14:03:04,855: INFO: main: -----------Stage Data Ingestion Started------------]
[2023-10-17 14:03:04,857: INFO: common: yaml file: config\config.yaml loaded successfully]
[2023-10-17 14:03:04,857: INFO: common: yaml file: params.yaml loaded successfully]
[2023-10-17 14:03:04,858: INFO: common: yaml file: schema.yaml loaded successfully]
[2023-10-17 14:03:04,858: INFO: common: created directory at: artifacts]
[2023-10-17 14:03:04,858: INFO: common: created directory at: artifacts/data_ingestion]
[2023-10-17 14:03:04,859: WARNING: main: Python-dotenv could not parse statement starting at line 1]
[2023-10-17 14:03:04,859: WARNING: main: Python-dotenv could not parse statement starting at line 2]
[2023-10-17 14:03:04,859: WARNING: main: Python-dotenv could not parse statement starting at line 3]
[2023-10-17 14:03:04,859: WARNING: main: Python-dotenv could not parse statement starting at line 4]
[2023-10-17 14:03:04,859: INFO: common: calling DB configuration]
[2023-10-17 14:03:04,859: INFO: common: Reading data from Mongo DB]
[2023-10-17 14:03:12,085: INFO: common: Error occurs =========== 'creation_time']
[2023-10-17 14:03:12,085: INFO: data_ingestion: Reading Completed from MongoDB]
[2023-10-17 14:03:12,086: INFO: data_ingestion: Writing data in Parquet file]
[2023-10-17 14:03:12,086: INFO: main: ------------Stage Data Ingestion Completed---------------------]
[2023-10-17 14:03:12,086: INFO: main: >>>>>>>>>>>>>>>>Stage Data Validation Started <<<<<<<<<<<<<<]
[2023-10-17 14:03:12,087: INFO: common: yaml file: config\config.yaml loaded successfully]
[2023-10-17 14:03:12,088: INFO: common: yaml file: params.yaml loaded successfully]
[2023-10-17 14:03:12,088: INFO: common: yaml file: schema.yaml loaded successfully]
[2023-10-17 14:03:12,088: INFO: common: created directory at: artifacts]
[2023-10-17 14:03:12,089: INFO: common: created directory at: artifacts/data_validation]
[2023-10-17 14:03:12,097: INFO: main: >>>>>>>>>>>>>>>>>Stage Data Validation Completed<<<<<<<<<<<]
[2023-10-17 14:03:55,837: INFO: main: We are printing the logs here!!!]
[2023-10-17 14:03:55,837: INFO: main: -----------Stage Data Ingestion Started------------]
[2023-10-17 14:03:55,838: INFO: common: yaml file: config\config.yaml loaded successfully]
[2023-10-17 14:03:55,839: INFO: common: yaml file: params.yaml loaded successfully]
[2023-10-17 14:03:55,839: INFO: common: yaml file: schema.yaml loaded successfully]
[2023-10-17 14:03:55,840: INFO: common: created directory at: artifacts]
[2023-10-17 14:03:55,840: INFO: common: created directory at: artifacts/data_ingestion]
[2023-10-17 14:03:55,840: WARNING: main: Python-dotenv could not parse statement starting at line 1]
[2023-10-17 14:03:55,840: WARNING: main: Python-dotenv could not parse statement starting at line 2]
[2023-10-17 14:03:55,840: WARNING: main: Python-dotenv could not parse statement starting at line 3]
[2023-10-17 14:03:55,840: WARNING: main: Python-dotenv could not parse statement starting at line 4]
[2023-10-17 14:03:55,841: INFO: common: calling DB configuration]
[2023-10-17 14:03:55,841: INFO: common: Reading data from Mongo DB]
[2023-10-17 14:04:03,590: INFO: common: Error occurs =========== 'creation_time']
[2023-10-17 14:04:03,590: INFO: data_ingestion: Reading Completed from MongoDB]
[2023-10-17 14:04:03,590: INFO: data_ingestion: Writing data in Parquet file]
[2023-10-17 14:04:03,590: INFO: main: ------------Stage Data Ingestion Completed---------------------]
[2023-10-17 14:04:03,590: INFO: main: >>>>>>>>>>>>>>>>Stage Data Validation Started <<<<<<<<<<<<<<]
[2023-10-17 14:04:03,592: INFO: common: yaml file: config\config.yaml loaded successfully]
[2023-10-17 14:04:03,592: INFO: common: yaml file: params.yaml loaded successfully]
[2023-10-17 14:04:03,593: INFO: common: yaml file: schema.yaml loaded successfully]
[2023-10-17 14:04:03,593: INFO: common: created directory at: artifacts]
[2023-10-17 14:04:03,593: INFO: common: created directory at: artifacts/data_validation]
[2023-10-17 14:04:03,604: INFO: main: >>>>>>>>>>>>>>>>>Stage Data Validation Completed<<<<<<<<<<<]
[2023-10-17 14:04:45,093: INFO: main: We are printing the logs here!!!]
[2023-10-17 14:04:45,094: INFO: main: -----------Stage Data Ingestion Started------------]
[2023-10-17 14:04:45,095: INFO: common: yaml file: config\config.yaml loaded successfully]
[2023-10-17 14:04:45,096: INFO: common: yaml file: params.yaml loaded successfully]
[2023-10-17 14:04:45,096: INFO: common: yaml file: schema.yaml loaded successfully]
[2023-10-17 14:04:45,097: INFO: common: created directory at: artifacts]
[2023-10-17 14:04:45,097: INFO: common: created directory at: artifacts/data_ingestion]
[2023-10-17 14:04:45,097: WARNING: main: Python-dotenv could not parse statement starting at line 1]
[2023-10-17 14:04:45,097: WARNING: main: Python-dotenv could not parse statement starting at line 2]
[2023-10-17 14:04:45,097: WARNING: main: Python-dotenv could not parse statement starting at line 3]
[2023-10-17 14:04:45,097: WARNING: main: Python-dotenv could not parse statement starting at line 4]
[2023-10-17 14:04:45,098: INFO: common: calling DB configuration]
[2023-10-17 14:04:45,098: INFO: common: Reading data from Mongo DB]
[2023-10-17 14:04:52,975: INFO: common: Error occurs =========== 'creation_time']
[2023-10-17 14:04:52,975: INFO: data_ingestion: Reading Completed from MongoDB]
[2023-10-17 14:04:52,975: INFO: data_ingestion: Writing data in Parquet file]
[2023-10-17 14:04:52,975: INFO: main: ------------Stage Data Ingestion Completed---------------------]
[2023-10-17 14:04:52,975: INFO: main: >>>>>>>>>>>>>>>>Stage Data Validation Started <<<<<<<<<<<<<<]
[2023-10-17 14:04:52,977: INFO: common: yaml file: config\config.yaml loaded successfully]
[2023-10-17 14:04:52,977: INFO: common: yaml file: params.yaml loaded successfully]
[2023-10-17 14:04:52,978: INFO: common: yaml file: schema.yaml loaded successfully]
[2023-10-17 14:04:52,978: INFO: common: created directory at: artifacts]
[2023-10-17 14:04:52,978: INFO: common: created directory at: artifacts/data_validation]
[2023-10-17 14:04:52,988: INFO: main: >>>>>>>>>>>>>>>>>Stage Data Validation Completed<<<<<<<<<<<]
[2023-10-17 14:07:13,668: INFO: main: We are printing the logs here!!!]
[2023-10-17 14:07:13,668: INFO: main: -----------Stage Data Ingestion Started------------]
[2023-10-17 14:07:13,670: INFO: common: yaml file: config\config.yaml loaded successfully]
[2023-10-17 14:07:13,670: INFO: common: yaml file: params.yaml loaded successfully]
[2023-10-17 14:07:13,671: INFO: common: yaml file: schema.yaml loaded successfully]
[2023-10-17 14:07:13,671: INFO: common: created directory at: artifacts]
[2023-10-17 14:07:13,671: INFO: common: created directory at: artifacts/data_ingestion]
[2023-10-17 14:07:13,671: WARNING: main: Python-dotenv could not parse statement starting at line 1]
[2023-10-17 14:07:13,671: WARNING: main: Python-dotenv could not parse statement starting at line 2]
[2023-10-17 14:07:13,672: WARNING: main: Python-dotenv could not parse statement starting at line 3]
[2023-10-17 14:07:13,672: WARNING: main: Python-dotenv could not parse statement starting at line 4]
[2023-10-17 14:07:13,672: INFO: common: calling DB configuration]
[2023-10-17 14:07:13,672: INFO: common: Reading data from Mongo DB]
[2023-10-17 14:07:13,705: INFO: common: Error occurs =========== 'creation_time']
[2023-10-17 14:07:13,705: INFO: data_ingestion: Reading Completed from MongoDB]
[2023-10-17 14:07:13,705: INFO: data_ingestion: Writing data in Parquet file]
[2023-10-17 14:07:13,705: INFO: main: ------------Stage Data Ingestion Completed---------------------]
[2023-10-17 14:07:13,705: INFO: main: >>>>>>>>>>>>>>>>Stage Data Validation Started <<<<<<<<<<<<<<]
[2023-10-17 14:07:13,707: INFO: common: yaml file: config\config.yaml loaded successfully]
[2023-10-17 14:07:13,707: INFO: common: yaml file: params.yaml loaded successfully]
[2023-10-17 14:07:13,708: INFO: common: yaml file: schema.yaml loaded successfully]
[2023-10-17 14:07:13,708: INFO: common: created directory at: artifacts]
[2023-10-17 14:07:13,708: INFO: common: created directory at: artifacts/data_validation]
[2023-10-17 14:07:13,717: INFO: main: >>>>>>>>>>>>>>>>>Stage Data Validation Completed<<<<<<<<<<<]
[2023-10-17 14:07:46,071: INFO: main: We are printing the logs here!!!]
[2023-10-17 14:07:46,071: INFO: main: -----------Stage Data Ingestion Started------------]
[2023-10-17 14:07:46,073: INFO: common: yaml file: config\config.yaml loaded successfully]
[2023-10-17 14:07:46,074: INFO: common: yaml file: params.yaml loaded successfully]
[2023-10-17 14:07:46,074: INFO: common: yaml file: schema.yaml loaded successfully]
[2023-10-17 14:07:46,074: INFO: common: created directory at: artifacts]
[2023-10-17 14:07:46,074: INFO: common: created directory at: artifacts/data_ingestion]
[2023-10-17 14:07:46,075: WARNING: main: Python-dotenv could not parse statement starting at line 1]
[2023-10-17 14:07:46,075: WARNING: main: Python-dotenv could not parse statement starting at line 2]
[2023-10-17 14:07:46,075: WARNING: main: Python-dotenv could not parse statement starting at line 3]
[2023-10-17 14:07:46,075: WARNING: main: Python-dotenv could not parse statement starting at line 4]
[2023-10-17 14:07:46,075: INFO: common: calling DB configuration]
[2023-10-17 14:07:46,075: INFO: common: Reading data from Mongo DB]
[2023-10-17 14:07:46,093: INFO: common: Error occurs =========== 'creation_time']
[2023-10-17 14:07:46,093: INFO: data_ingestion: Reading Completed from MongoDB]
[2023-10-17 14:07:46,093: INFO: data_ingestion: Writing data in Parquet file]
[2023-10-17 14:07:46,093: INFO: main: ------------Stage Data Ingestion Completed---------------------]
[2023-10-17 14:07:46,093: INFO: main: >>>>>>>>>>>>>>>>Stage Data Validation Started <<<<<<<<<<<<<<]
[2023-10-17 14:07:46,095: INFO: common: yaml file: config\config.yaml loaded successfully]
[2023-10-17 14:07:46,095: INFO: common: yaml file: params.yaml loaded successfully]
[2023-10-17 14:07:46,096: INFO: common: yaml file: schema.yaml loaded successfully]
[2023-10-17 14:07:46,096: INFO: common: created directory at: artifacts]
[2023-10-17 14:07:46,096: INFO: common: created directory at: artifacts/data_validation]
[2023-10-17 14:07:46,104: INFO: main: >>>>>>>>>>>>>>>>>Stage Data Validation Completed<<<<<<<<<<<]
[2023-10-17 14:11:35,284: INFO: main: We are printing the logs here!!!]
[2023-10-17 14:11:35,284: INFO: main: -----------Stage Data Ingestion Started------------]
[2023-10-17 14:11:35,286: INFO: common: yaml file: config\config.yaml loaded successfully]
[2023-10-17 14:11:35,286: INFO: common: yaml file: params.yaml loaded successfully]
[2023-10-17 14:11:35,287: INFO: common: yaml file: schema.yaml loaded successfully]
[2023-10-17 14:11:35,287: INFO: common: created directory at: artifacts]
[2023-10-17 14:11:35,287: INFO: common: created directory at: artifacts/data_ingestion]
[2023-10-17 14:11:35,288: WARNING: main: Python-dotenv could not parse statement starting at line 1]
[2023-10-17 14:11:35,288: WARNING: main: Python-dotenv could not parse statement starting at line 2]
[2023-10-17 14:11:35,288: WARNING: main: Python-dotenv could not parse statement starting at line 3]
[2023-10-17 14:11:35,288: WARNING: main: Python-dotenv could not parse statement starting at line 4]
[2023-10-17 14:11:35,288: INFO: common: calling DB configuration]
[2023-10-17 14:11:35,288: INFO: common: Reading data from Mongo DB]
[2023-10-17 14:11:35,297: INFO: common: Error occurs =========== 'creation_time']
[2023-10-17 14:11:35,297: INFO: data_ingestion: Reading Completed from MongoDB]
[2023-10-17 14:11:35,297: INFO: data_ingestion: Writing data in Parquet file]
[2023-10-17 14:11:35,297: INFO: main: ------------Stage Data Ingestion Completed---------------------]
[2023-10-17 14:11:35,297: INFO: main: >>>>>>>>>>>>>>>>Stage Data Validation Started <<<<<<<<<<<<<<]
[2023-10-17 14:11:35,299: INFO: common: yaml file: config\config.yaml loaded successfully]
[2023-10-17 14:11:35,299: INFO: common: yaml file: params.yaml loaded successfully]
[2023-10-17 14:11:35,300: INFO: common: yaml file: schema.yaml loaded successfully]
[2023-10-17 14:11:35,300: INFO: common: created directory at: artifacts]
[2023-10-17 14:11:35,300: INFO: common: created directory at: artifacts/data_validation]
[2023-10-17 14:11:35,310: INFO: main: >>>>>>>>>>>>>>>>>Stage Data Validation Completed<<<<<<<<<<<]
[2023-10-17 14:14:40,275: INFO: main: We are printing the logs here!!!]
[2023-10-17 14:14:40,276: INFO: main: -----------Stage Data Ingestion Started------------]
[2023-10-17 14:14:40,277: INFO: common: yaml file: config\config.yaml loaded successfully]
[2023-10-17 14:14:40,277: INFO: common: yaml file: params.yaml loaded successfully]
[2023-10-17 14:14:40,278: INFO: common: yaml file: schema.yaml loaded successfully]
[2023-10-17 14:14:40,278: INFO: common: created directory at: artifacts]
[2023-10-17 14:14:40,278: INFO: common: created directory at: artifacts/data_ingestion]
[2023-10-17 14:14:40,278: ERROR: main: "'ConfigBox' object has no attribute 'local_data_file1'"]
Traceback (most recent call last):
  File "D:\HourlyConsumptiomXGboost\venv\Lib\site-packages\box\box.py", line 503, in __getitem__
    return super().__getitem__(item)
           ^^^^^^^^^^^^^^^^^^^^^^^^^
KeyError: 'local_data_file1'

The above exception was the direct cause of the following exception:

Traceback (most recent call last):
  File "D:\HourlyConsumptiomXGboost\venv\Lib\site-packages\box\box.py", line 536, in __getattr__
    value = self.__getitem__(item, _ignore_default=True)
            ^^^^^^^^^^^^^^^^^^^^^^^^^^^^^^^^^^^^^^^^^^^^
  File "D:\HourlyConsumptiomXGboost\venv\Lib\site-packages\box\box.py", line 524, in __getitem__
    raise BoxKeyError(str(err)) from _exception_cause(err)
box.exceptions.BoxKeyError: "'local_data_file1'"

During handling of the above exception, another exception occurred:

Traceback (most recent call last):
  File "D:\HourlyConsumptiomXGboost\venv\Lib\site-packages\box\box.py", line 538, in __getattr__
    value = object.__getattribute__(self, item)
            ^^^^^^^^^^^^^^^^^^^^^^^^^^^^^^^^^^^
AttributeError: 'ConfigBox' object has no attribute 'local_data_file1'

The above exception was the direct cause of the following exception:

Traceback (most recent call last):
  File "D:\HourlyConsumptiomXGboost\venv\Lib\site-packages\box\config_box.py", line 28, in __getattr__
    return super().__getattr__(item)
           ^^^^^^^^^^^^^^^^^^^^^^^^^
  File "D:\HourlyConsumptiomXGboost\venv\Lib\site-packages\box\box.py", line 552, in __getattr__
    raise BoxKeyError(str(err)) from _exception_cause(err)
box.exceptions.BoxKeyError: "'ConfigBox' object has no attribute 'local_data_file1'"

During handling of the above exception, another exception occurred:

Traceback (most recent call last):
  File "D:\HourlyConsumptiomXGboost\venv\Lib\site-packages\box\box.py", line 503, in __getitem__
    return super().__getitem__(item)
           ^^^^^^^^^^^^^^^^^^^^^^^^^
KeyError: 'local_data_file1'

The above exception was the direct cause of the following exception:

Traceback (most recent call last):
  File "D:\HourlyConsumptiomXGboost\venv\Lib\site-packages\box\box.py", line 536, in __getattr__
    value = self.__getitem__(item, _ignore_default=True)
            ^^^^^^^^^^^^^^^^^^^^^^^^^^^^^^^^^^^^^^^^^^^^
  File "D:\HourlyConsumptiomXGboost\venv\Lib\site-packages\box\box.py", line 524, in __getitem__
    raise BoxKeyError(str(err)) from _exception_cause(err)
box.exceptions.BoxKeyError: "'local_data_file1'"

During handling of the above exception, another exception occurred:

Traceback (most recent call last):
  File "D:\HourlyConsumptiomXGboost\venv\Lib\site-packages\box\box.py", line 538, in __getattr__
    value = object.__getattribute__(self, item)
            ^^^^^^^^^^^^^^^^^^^^^^^^^^^^^^^^^^^
AttributeError: 'ConfigBox' object has no attribute 'local_data_file1'

The above exception was the direct cause of the following exception:

Traceback (most recent call last):
  File "D:\HourlyConsumptiomXGboost\main.py", line 12, in <module>
    obj.main()
  File "D:\HourlyConsumptiomXGboost\src\mlProject\pipeline\stage_01_data_ingestion.py", line 19, in main
    raise e
  File "D:\HourlyConsumptiomXGboost\src\mlProject\pipeline\stage_01_data_ingestion.py", line 15, in main
    data_ingestion_config = config.get_data_ingestion_config()
                            ^^^^^^^^^^^^^^^^^^^^^^^^^^^^^^^^^^
  File "D:\HourlyConsumptiomXGboost\src\mlProject\config\configuration.py", line 25, in get_data_ingestion_config
    local_data_file1=config.local_data_file1,
                     ^^^^^^^^^^^^^^^^^^^^^^^
  File "D:\HourlyConsumptiomXGboost\venv\Lib\site-packages\box\config_box.py", line 30, in __getattr__
    return super().__getattr__(item.lower())
           ^^^^^^^^^^^^^^^^^^^^^^^^^^^^^^^^^
  File "D:\HourlyConsumptiomXGboost\venv\Lib\site-packages\box\box.py", line 552, in __getattr__
    raise BoxKeyError(str(err)) from _exception_cause(err)
box.exceptions.BoxKeyError: "'ConfigBox' object has no attribute 'local_data_file1'"
[2023-10-17 14:15:44,846: INFO: main: We are printing the logs here!!!]
[2023-10-17 14:15:44,846: INFO: main: -----------Stage Data Ingestion Started------------]
[2023-10-17 14:15:44,847: INFO: common: yaml file: config\config.yaml loaded successfully]
[2023-10-17 14:15:44,848: INFO: common: yaml file: params.yaml loaded successfully]
[2023-10-17 14:15:44,848: INFO: common: yaml file: schema.yaml loaded successfully]
[2023-10-17 14:15:44,849: INFO: common: created directory at: artifacts]
[2023-10-17 14:15:44,849: INFO: common: created directory at: artifacts/data_ingestion]
[2023-10-17 14:15:44,849: WARNING: main: Python-dotenv could not parse statement starting at line 1]
[2023-10-17 14:15:44,849: WARNING: main: Python-dotenv could not parse statement starting at line 2]
[2023-10-17 14:15:44,849: WARNING: main: Python-dotenv could not parse statement starting at line 3]
[2023-10-17 14:15:44,849: WARNING: main: Python-dotenv could not parse statement starting at line 4]
[2023-10-17 14:15:44,850: INFO: common: calling DB configuration]
[2023-10-17 14:15:44,850: INFO: common: Reading data from Mongo DB]
[2023-10-17 14:15:44,860: INFO: common: Error occurs =========== 'creation_time']
[2023-10-17 14:15:44,860: INFO: data_ingestion: Reading Completed from MongoDB]
[2023-10-17 14:15:44,861: INFO: data_ingestion: Writing data in Parquet file]
[2023-10-17 14:15:44,861: INFO: main: ------------Stage Data Ingestion Completed---------------------]
[2023-10-17 14:15:44,861: INFO: main: >>>>>>>>>>>>>>>>Stage Data Validation Started <<<<<<<<<<<<<<]
[2023-10-17 14:15:44,862: INFO: common: yaml file: config\config.yaml loaded successfully]
[2023-10-17 14:15:44,862: INFO: common: yaml file: params.yaml loaded successfully]
[2023-10-17 14:15:44,863: INFO: common: yaml file: schema.yaml loaded successfully]
[2023-10-17 14:15:44,863: INFO: common: created directory at: artifacts]
[2023-10-17 14:15:44,863: INFO: common: created directory at: artifacts/data_validation]
[2023-10-17 14:15:44,875: INFO: main: >>>>>>>>>>>>>>>>>Stage Data Validation Completed<<<<<<<<<<<]
[2023-10-17 14:16:07,351: INFO: main: We are printing the logs here!!!]
[2023-10-17 14:16:07,351: INFO: main: -----------Stage Data Ingestion Started------------]
[2023-10-17 14:16:07,352: INFO: common: yaml file: config\config.yaml loaded successfully]
[2023-10-17 14:16:07,353: INFO: common: yaml file: params.yaml loaded successfully]
[2023-10-17 14:16:07,353: INFO: common: yaml file: schema.yaml loaded successfully]
[2023-10-17 14:16:07,354: INFO: common: created directory at: artifacts]
[2023-10-17 14:16:07,354: INFO: common: created directory at: artifacts/data_ingestion]
[2023-10-17 14:16:07,354: WARNING: main: Python-dotenv could not parse statement starting at line 1]
[2023-10-17 14:16:07,354: WARNING: main: Python-dotenv could not parse statement starting at line 2]
[2023-10-17 14:16:07,354: WARNING: main: Python-dotenv could not parse statement starting at line 3]
[2023-10-17 14:16:07,354: WARNING: main: Python-dotenv could not parse statement starting at line 4]
[2023-10-17 14:16:07,355: INFO: common: calling DB configuration]
[2023-10-17 14:16:07,355: INFO: common: Reading data from Mongo DB]
[2023-10-17 14:16:07,366: INFO: common: Error occurs =========== 'creation_time']
[2023-10-17 14:16:07,366: INFO: data_ingestion: Reading Completed from MongoDB]
[2023-10-17 14:16:07,366: INFO: data_ingestion: Writing data in Parquet file]
[2023-10-17 14:16:07,366: INFO: main: ------------Stage Data Ingestion Completed---------------------]
[2023-10-17 14:16:07,366: INFO: main: >>>>>>>>>>>>>>>>Stage Data Validation Started <<<<<<<<<<<<<<]
[2023-10-17 14:16:07,367: INFO: common: yaml file: config\config.yaml loaded successfully]
[2023-10-17 14:16:07,368: INFO: common: yaml file: params.yaml loaded successfully]
[2023-10-17 14:16:07,368: INFO: common: yaml file: schema.yaml loaded successfully]
[2023-10-17 14:16:07,368: INFO: common: created directory at: artifacts]
[2023-10-17 14:16:07,369: INFO: common: created directory at: artifacts/data_validation]
[2023-10-17 14:16:07,377: INFO: main: >>>>>>>>>>>>>>>>>Stage Data Validation Completed<<<<<<<<<<<]
[2023-10-17 14:16:48,190: INFO: main: We are printing the logs here!!!]
[2023-10-17 14:16:48,190: INFO: main: -----------Stage Data Ingestion Started------------]
[2023-10-17 14:16:48,191: INFO: common: yaml file: config\config.yaml loaded successfully]
[2023-10-17 14:16:48,192: INFO: common: yaml file: params.yaml loaded successfully]
[2023-10-17 14:16:48,192: INFO: common: yaml file: schema.yaml loaded successfully]
[2023-10-17 14:16:48,192: INFO: common: created directory at: artifacts]
[2023-10-17 14:16:48,193: INFO: common: created directory at: artifacts/data_ingestion]
[2023-10-17 14:16:48,193: WARNING: main: Python-dotenv could not parse statement starting at line 5]
[2023-10-17 14:16:48,193: WARNING: main: Python-dotenv could not parse statement starting at line 7]
[2023-10-17 14:16:48,193: WARNING: main: Python-dotenv could not parse statement starting at line 8]
[2023-10-17 14:16:48,193: WARNING: main: Python-dotenv could not parse statement starting at line 9]
[2023-10-17 14:16:48,194: INFO: common: calling DB configuration]
[2023-10-17 14:16:48,194: INFO: common: Reading data from Mongo DB]
[2023-10-17 14:17:30,521: INFO: main: We are printing the logs here!!!]
[2023-10-17 14:17:30,522: INFO: main: -----------Stage Data Ingestion Started------------]
[2023-10-17 14:17:30,523: INFO: common: yaml file: config\config.yaml loaded successfully]
[2023-10-17 14:17:30,523: INFO: common: yaml file: params.yaml loaded successfully]
[2023-10-17 14:17:30,524: INFO: common: yaml file: schema.yaml loaded successfully]
[2023-10-17 14:17:30,524: INFO: common: created directory at: artifacts]
[2023-10-17 14:17:30,524: INFO: common: created directory at: artifacts/data_ingestion]
[2023-10-17 14:17:30,525: WARNING: main: Python-dotenv could not parse statement starting at line 5]
[2023-10-17 14:17:30,525: WARNING: main: Python-dotenv could not parse statement starting at line 7]
[2023-10-17 14:17:30,525: WARNING: main: Python-dotenv could not parse statement starting at line 8]
[2023-10-17 14:17:30,525: WARNING: main: Python-dotenv could not parse statement starting at line 9]
[2023-10-17 14:17:30,525: INFO: common: calling DB configuration]
[2023-10-17 14:17:30,525: INFO: common: Reading data from Mongo DB]
[2023-10-17 14:17:30,828: INFO: data_ingestion: Reading Completed from MongoDB]
[2023-10-17 14:17:30,828: INFO: data_ingestion: Writing data in Parquet file]
[2023-10-17 14:17:30,936: INFO: main: ------------Stage Data Ingestion Completed---------------------]
[2023-10-17 14:17:30,936: INFO: main: >>>>>>>>>>>>>>>>Stage Data Validation Started <<<<<<<<<<<<<<]
[2023-10-17 14:17:30,937: INFO: common: yaml file: config\config.yaml loaded successfully]
[2023-10-17 14:17:30,937: INFO: common: yaml file: params.yaml loaded successfully]
[2023-10-17 14:17:30,938: INFO: common: yaml file: schema.yaml loaded successfully]
[2023-10-17 14:17:30,938: INFO: common: created directory at: artifacts]
[2023-10-17 14:17:30,938: INFO: common: created directory at: artifacts/data_validation]
[2023-10-17 14:17:30,979: INFO: main: >>>>>>>>>>>>>>>>>Stage Data Validation Completed<<<<<<<<<<<]
